Component: ARM Compiler 5.06 update 6 (build 750) Tool: armlink [4d35ed]

==============================================================================

Section Cross References

    main.o(i.main) refers to delay.o(i.delay_init) for delay_init
    main.o(i.main) refers to lib_mem.o(i.Mem_Init) for Mem_Init
    main.o(i.main) refers to os_core.o(i.OSInit) for OSInit
    main.o(i.main) refers to cpu_core.o(i.CPU_Init) for CPU_Init
    main.o(i.main) refers to os_cpu_c.o(i.OS_CPU_SysTickInit) for OS_CPU_SysTickInit
    main.o(i.main) refers to os_task.o(i.OSTaskCreate) for OSTaskCreate
    main.o(i.main) refers to os_core.o(i.OSStart) for OSStart
    main.o(i.main) refers to main.o(.data) for OS_err_code
    main.o(i.main) refers to system_stm32f10x.o(.data) for SystemCoreClock
    main.o(i.main) refers to os_cfg_app.o(.constdata) for OSCfg_TickRate_Hz
    main.o(i.main) refers to main.o(.bss) for STK_Task_1
    main.o(i.main) refers to main.o(i.FUN_Task_1) for FUN_Task_1
    main.o(i.main) refers to main.o(i.FUN_Task_2) for FUN_Task_2
    delay.o(i.delay_init) refers to misc.o(i.SysTick_CLKSourceConfig) for SysTick_CLKSourceConfig
    delay.o(i.delay_init) refers to delay.o(.data) for fac_us
    delay.o(i.delay_ms) refers to delay.o(.data) for fac_ms
    delay.o(i.delay_us) refers to delay.o(.data) for fac_us
    stm32f10x_flash.o(i.FLASH_EnableWriteProtection) refers to stm32f10x_flash.o(i.FLASH_WaitForLastOperation) for FLASH_WaitForLastOperation
    stm32f10x_flash.o(i.FLASH_EraseAllBank1Pages) refers to stm32f10x_flash.o(i.FLASH_WaitForLastBank1Operation) for FLASH_WaitForLastBank1Operation
    stm32f10x_flash.o(i.FLASH_EraseAllPages) refers to stm32f10x_flash.o(i.FLASH_WaitForLastOperation) for FLASH_WaitForLastOperation
    stm32f10x_flash.o(i.FLASH_EraseOptionBytes) refers to stm32f10x_flash.o(i.FLASH_GetReadOutProtectionStatus) for FLASH_GetReadOutProtectionStatus
    stm32f10x_flash.o(i.FLASH_EraseOptionBytes) refers to stm32f10x_flash.o(i.FLASH_WaitForLastOperation) for FLASH_WaitForLastOperation
    stm32f10x_flash.o(i.FLASH_ErasePage) refers to stm32f10x_flash.o(i.FLASH_WaitForLastOperation) for FLASH_WaitForLastOperation
    stm32f10x_flash.o(i.FLASH_ProgramHalfWord) refers to stm32f10x_flash.o(i.FLASH_WaitForLastOperation) for FLASH_WaitForLastOperation
    stm32f10x_flash.o(i.FLASH_ProgramOptionByteData) refers to stm32f10x_flash.o(i.FLASH_WaitForLastOperation) for FLASH_WaitForLastOperation
    stm32f10x_flash.o(i.FLASH_ProgramWord) refers to stm32f10x_flash.o(i.FLASH_WaitForLastOperation) for FLASH_WaitForLastOperation
    stm32f10x_flash.o(i.FLASH_ReadOutProtection) refers to stm32f10x_flash.o(i.FLASH_WaitForLastOperation) for FLASH_WaitForLastOperation
    stm32f10x_flash.o(i.FLASH_UserOptionByteConfig) refers to stm32f10x_flash.o(i.FLASH_WaitForLastOperation) for FLASH_WaitForLastOperation
    stm32f10x_flash.o(i.FLASH_WaitForLastBank1Operation) refers to stm32f10x_flash.o(i.FLASH_GetBank1Status) for FLASH_GetBank1Status
    stm32f10x_flash.o(i.FLASH_WaitForLastOperation) refers to stm32f10x_flash.o(i.FLASH_GetBank1Status) for FLASH_GetBank1Status
    stm32f10x_gpio.o(i.GPIO_AFIODeInit) refers to stm32f10x_rcc.o(i.RCC_APB2PeriphResetCmd) for RCC_APB2PeriphResetCmd
    stm32f10x_gpio.o(i.GPIO_DeInit) refers to stm32f10x_rcc.o(i.RCC_APB2PeriphResetCmd) for RCC_APB2PeriphResetCmd
    stm32f10x_rcc.o(i.RCC_GetClocksFreq) refers to stm32f10x_rcc.o(.data) for APBAHBPrescTable
    stm32f10x_rcc.o(i.RCC_WaitForHSEStartUp) refers to stm32f10x_rcc.o(i.RCC_GetFlagStatus) for RCC_GetFlagStatus
    stm32f10x_adc.o(i.ADC_DeInit) refers to stm32f10x_rcc.o(i.RCC_APB2PeriphResetCmd) for RCC_APB2PeriphResetCmd
    stm32f10x_bkp.o(i.BKP_DeInit) refers to stm32f10x_rcc.o(i.RCC_BackupResetCmd) for RCC_BackupResetCmd
    stm32f10x_can.o(i.CAN_DeInit) refers to stm32f10x_rcc.o(i.RCC_APB1PeriphResetCmd) for RCC_APB1PeriphResetCmd
    stm32f10x_can.o(i.CAN_GetITStatus) refers to stm32f10x_can.o(i.CheckITStatus) for CheckITStatus
    stm32f10x_can.o(i.CAN_Receive) refers to stm32f10x_can.o(i.CAN_FIFORelease) for CAN_FIFORelease
    stm32f10x_cec.o(i.CEC_DeInit) refers to stm32f10x_rcc.o(i.RCC_APB1PeriphResetCmd) for RCC_APB1PeriphResetCmd
    stm32f10x_dac.o(i.DAC_DeInit) refers to stm32f10x_rcc.o(i.RCC_APB1PeriphResetCmd) for RCC_APB1PeriphResetCmd
    stm32f10x_i2c.o(i.I2C_DeInit) refers to stm32f10x_rcc.o(i.RCC_APB1PeriphResetCmd) for RCC_APB1PeriphResetCmd
    stm32f10x_i2c.o(i.I2C_Init) refers to stm32f10x_rcc.o(i.RCC_GetClocksFreq) for RCC_GetClocksFreq
    stm32f10x_pwr.o(i.PWR_DeInit) refers to stm32f10x_rcc.o(i.RCC_APB1PeriphResetCmd) for RCC_APB1PeriphResetCmd
    stm32f10x_rtc.o(i.RTC_SetAlarm) refers to stm32f10x_rtc.o(i.RTC_EnterConfigMode) for RTC_EnterConfigMode
    stm32f10x_rtc.o(i.RTC_SetAlarm) refers to stm32f10x_rtc.o(i.RTC_ExitConfigMode) for RTC_ExitConfigMode
[...]
    Removing stm32f10x_fsmc.o(i.FSMC_PCCARDStructInit), (60 bytes).
    Removing stm32f10x_i2c.o(i.I2C_ARPCmd), (24 bytes).
    Removing stm32f10x_i2c.o(i.I2C_AcknowledgeConfig), (24 bytes).
    Removing stm32f10x_i2c.o(i.I2C_CalculatePEC), (24 bytes).
    Removing stm32f10x_i2c.o(i.I2C_CheckEvent), (42 bytes).
    Removing stm32f10x_i2c.o(i.I2C_ClearFlag), (12 bytes).
    Removing stm32f10x_i2c.o(i.I2C_ClearITPendingBit), (12 bytes).
    Removing stm32f10x_i2c.o(i.I2C_Cmd), (24 bytes).
    Removing stm32f10x_i2c.o(i.I2C_DMACmd), (24 bytes).
    Removing stm32f10x_i2c.o(i.I2C_DMALastTransferCmd), (24 bytes).
    Removing stm32f10x_i2c.o(i.I2C_DeInit), (56 bytes).
    Removing stm32f10x_i2c.o(i.I2C_DualAddressCmd), (24 bytes).
    Removing stm32f10x_i2c.o(i.I2C_FastModeDutyCycleConfig), (28 bytes).
    Removing stm32f10x_i2c.o(i.I2C_GeneralCallCmd), (24 bytes).
    Removing stm32f10x_i2c.o(i.I2C_GenerateSTART), (24 bytes).
    Removing stm32f10x_i2c.o(i.I2C_GenerateSTOP), (24 bytes).
    Removing stm32f10x_i2c.o(i.I2C_GetFlagStatus), (58 bytes).
    Removing stm32f10x_i2c.o(i.I2C_GetITStatus), (38 bytes).
    Removing stm32f10x_i2c.o(i.I2C_GetLastEvent), (26 bytes).
    Removing stm32f10x_i2c.o(i.I2C_GetPEC), (8 bytes).
    Removing stm32f10x_i2c.o(i.I2C_ITConfig), (18 bytes).
    Removing stm32f10x_i2c.o(i.I2C_Init), (236 bytes).
    Removing stm32f10x_i2c.o(i.I2C_OwnAddress2Config), (22 bytes).
    Removing stm32f10x_i2c.o(i.I2C_PECPositionConfig), (28 bytes).
    Removing stm32f10x_i2c.o(i.I2C_ReadRegister), (22 bytes).
    Removing stm32f10x_i2c.o(i.I2C_ReceiveData), (8 bytes).
    Removing stm32f10x_i2c.o(i.I2C_SMBusAlertConfig), (28 bytes).
    Removing stm32f10x_i2c.o(i.I2C_Send7bitAddress), (18 bytes).
    Removing stm32f10x_i2c.o(i.I2C_SendData), (4 bytes).
    Removing stm32f10x_i2c.o(i.I2C_SoftwareResetCmd), (22 bytes).
    Removing stm32f10x_i2c.o(i.I2C_StretchClockCmd), (24 bytes).
    Removing stm32f10x_i2c.o(i.I2C_StructInit), (30 bytes).
    Removing stm32f10x_i2c.o(i.I2C_TransmitPEC), (24 bytes).
    Removing stm32f10x_iwdg.o(i.IWDG_Enable), (16 bytes).
    Removing stm32f10x_iwdg.o(i.IWDG_GetFlagStatus), (24 bytes).
    Removing stm32f10x_iwdg.o(i.IWDG_ReloadCounter), (16 bytes).
    Removing stm32f10x_iwdg.o(i.IWDG_SetPrescaler), (12 bytes).
    Removing stm32f10x_iwdg.o(i.IWDG_SetReload), (12 bytes).
    Removing stm32f10x_iwdg.o(i.IWDG_WriteAccessCmd), (12 bytes).
    Removing stm32f10x_pwr.o(i.PWR_BackupAccessCmd), (12 bytes).
    Removing stm32f10x_pwr.o(i.PWR_ClearFlag), (20 bytes).
    Removing stm32f10x_pwr.o(i.PWR_DeInit), (22 bytes).
    Removing stm32f10x_pwr.o(i.PWR_EnterSTANDBYMode), (52 bytes).
    Removing stm32f10x_pwr.o(i.PWR_EnterSTOPMode), (64 bytes).
    Removing stm32f10x_pwr.o(i.PWR_GetFlagStatus), (24 bytes).
    Removing stm32f10x_pwr.o(i.PWR_PVDCmd), (12 bytes).
    Removing stm32f10x_pwr.o(i.PWR_PVDLevelConfig), (24 bytes).
    Removing stm32f10x_pwr.o(i.PWR_WakeUpPinCmd), (12 bytes).
    Removing stm32f10x_rtc.o(i.RTC_ClearFlag), (16 bytes).
    Removing stm32f10x_rtc.o(i.RTC_ClearITPendingBit), (16 bytes).
    Removing stm32f10x_rtc.o(i.RTC_EnterConfigMode), (20 bytes).
    Removing stm32f10x_rtc.o(i.RTC_ExitConfigMode), (20 bytes).
    Removing stm32f10x_rtc.o(i.RTC_GetCounter), (20 bytes).
    Removing stm32f10x_rtc.o(i.RTC_GetDivider), (24 bytes).
    Removing stm32f10x_rtc.o(i.RTC_GetFlagStatus), (24 bytes).
    Removing stm32f10x_rtc.o(i.RTC_GetITStatus), (36 bytes).
    Removing stm32f10x_rtc.o(i.RTC_ITConfig), (32 bytes).
    Removing stm32f10x_rtc.o(i.RTC_SetAlarm), (28 bytes).
    Removing stm32f10x_rtc.o(i.RTC_SetCounter), (28 bytes).
    Removing stm32f10x_rtc.o(i.RTC_SetPrescaler), (32 bytes).
    Removing stm32f10x_rtc.o(i.RTC_WaitForLastTask), (20 bytes).
    Removing stm32f10x_rtc.o(i.RTC_WaitForSynchro), (36 bytes).
    Removing stm32f10x_sdio.o(i.SDIO_CEATAITCmd), (16 bytes).
    Removing stm32f10x_sdio.o(i.SDIO_ClearFlag), (12 bytes).
    Removing stm32f10x_sdio.o(i.SDIO_ClearITPendingBit), (12 bytes).
    Removing stm32f10x_sdio.o(i.SDIO_ClockCmd), (12 bytes).
    Removing stm32f10x_sdio.o(i.SDIO_CmdStructInit), (14 bytes).
    Removing stm32f10x_sdio.o(i.SDIO_CommandCompletionCmd), (12 bytes).
    Removing stm32f10x_sdio.o(i.SDIO_DMACmd), (12 bytes).
    Removing stm32f10x_sdio.o(i.SDIO_DataConfig), (48 bytes).
    Removing stm32f10x_sdio.o(i.SDIO_DataStructInit), (20 bytes).
    Removing stm32f10x_sdio.o(i.SDIO_DeInit), (36 bytes).
    Removing stm32f10x_sdio.o(i.SDIO_GetCommandResponse), (12 bytes).
    Removing stm32f10x_sdio.o(i.SDIO_GetDataCounter), (12 bytes).
    Removing stm32f10x_sdio.o(i.SDIO_GetFIFOCount), (12 bytes).
    Removing stm32f10x_sdio.o(i.SDIO_GetFlagStatus), (24 bytes).
    Removing stm32f10x_sdio.o(i.SDIO_GetITStatus), (24 bytes).
    Removing stm32f10x_sdio.o(i.SDIO_GetPowerState), (16 bytes).
    Removing stm32f10x_sdio.o(i.SDIO_GetResponse), (24 bytes).
    Removing stm32f10x_sdio.o(i.SDIO_ITConfig), (32 bytes).
    Removing stm32f10x_sdio.o(i.SDIO_Init), (48 bytes).
    Removing stm32f10x_sdio.o(i.SDIO_ReadData), (12 bytes).
    Removing stm32f10x_sdio.o(i.SDIO_SendCEATACmd), (12 bytes).
    Removing stm32f10x_sdio.o(i.SDIO_SendCommand), (44 bytes).
    Removing stm32f10x_sdio.o(i.SDIO_SendSDIOSuspendCmd), (12 bytes).
    Removing stm32f10x_sdio.o(i.SDIO_SetPowerState), (28 bytes).
    Removing stm32f10x_sdio.o(i.SDIO_SetSDIOOperation), (12 bytes).
    Removing stm32f10x_sdio.o(i.SDIO_SetSDIOReadWaitMode), (12 bytes).
    Removing stm32f10x_sdio.o(i.SDIO_StartSDIOReadWait), (12 bytes).
    Removing stm32f10x_sdio.o(i.SDIO_StopSDIOReadWait), (12 bytes).
    Removing stm32f10x_sdio.o(i.SDIO_StructInit), (16 bytes).
    Removing stm32f10x_sdio.o(i.SDIO_WriteData), (12 bytes).
    Removing stm32f10x_spi.o(i.I2S_Cmd), (24 bytes).
    Removing stm32f10x_spi.o(i.I2S_Init), (232 bytes).
    Removing stm32f10x_spi.o(i.I2S_StructInit), (20 bytes).
    Removing stm32f10x_spi.o(i.SPI_BiDirectionalLineConfig), (28 bytes).
    Removing stm32f10x_spi.o(i.SPI_CalculateCRC), (24 bytes).
    Removing stm32f10x_spi.o(i.SPI_Cmd), (24 bytes).
    Removing stm32f10x_spi.o(i.SPI_DataSizeConfig), (18 bytes).
    Removing stm32f10x_spi.o(i.SPI_GetCRC), (16 bytes).
    Removing stm32f10x_spi.o(i.SPI_GetCRCPolynomial), (6 bytes).
    Removing stm32f10x_spi.o(i.SPI_I2S_ClearFlag), (6 bytes).
    Removing stm32f10x_spi.o(i.SPI_I2S_ClearITPendingBit), (20 bytes).
    Removing stm32f10x_spi.o(i.SPI_I2S_DMACmd), (18 bytes).
    Removing stm32f10x_spi.o(i.SPI_I2S_DeInit), (88 bytes).
    Removing stm32f10x_spi.o(i.SPI_I2S_GetFlagStatus), (18 bytes).
    Removing stm32f10x_spi.o(i.SPI_I2S_GetITStatus), (52 bytes).
    Removing stm32f10x_spi.o(i.SPI_I2S_ITConfig), (32 bytes).
    Removing stm32f10x_spi.o(i.SPI_I2S_ReceiveData), (6 bytes).
    Removing stm32f10x_spi.o(i.SPI_I2S_SendData), (4 bytes).
    Removing stm32f10x_spi.o(i.SPI_Init), (60 bytes).
    Removing stm32f10x_spi.o(i.SPI_NSSInternalSoftwareConfig), (30 bytes).
    Removing stm32f10x_spi.o(i.SPI_SSOutputCmd), (24 bytes).
    Removing stm32f10x_spi.o(i.SPI_StructInit), (24 bytes).
    Removing stm32f10x_spi.o(i.SPI_TransmitCRC), (10 bytes).
    Removing stm32f10x_tim.o(i.TI1_Config), (128 bytes).
    Removing stm32f10x_tim.o(i.TI2_Config), (152 bytes).
    Removing stm32f10x_tim.o(i.TI3_Config), (144 bytes).
    Removing stm32f10x_tim.o(i.TI4_Config), (152 bytes).
    Removing stm32f10x_tim.o(i.TIM_ARRPreloadConfig), (24 bytes).
    Removing stm32f10x_tim.o(i.TIM_BDTRConfig), (32 bytes).
    Removing stm32f10x_tim.o(i.TIM_BDTRStructInit), (18 bytes).
    Removing stm32f10x_tim.o(i.TIM_CCPreloadControl), (24 bytes).
    Removing stm32f10x_tim.o(i.TIM_CCxCmd), (30 bytes).
    Removing stm32f10x_tim.o(i.TIM_CCxNCmd), (30 bytes).
    Removing stm32f10x_tim.o(i.TIM_ClearFlag), (6 bytes).
    Removing stm32f10x_tim.o(i.TIM_ClearITPendingBit), (6 bytes).
    Removing stm32f10x_tim.o(i.TIM_ClearOC1Ref), (18 bytes).
    Removing stm32f10x_tim.o(i.TIM_ClearOC2Ref), (24 bytes).
    Removing stm32f10x_tim.o(i.TIM_ClearOC3Ref), (18 bytes).
    Removing stm32f10x_tim.o(i.TIM_ClearOC4Ref), (24 bytes).
    Removing stm32f10x_tim.o(i.TIM_Cmd), (24 bytes).
    Removing stm32f10x_tim.o(i.TIM_CounterModeConfig), (18 bytes).
    Removing stm32f10x_tim.o(i.TIM_CtrlPWMOutputs), (30 bytes).
    Removing stm32f10x_tim.o(i.TIM_DMACmd), (18 bytes).
    Removing stm32f10x_tim.o(i.TIM_DMAConfig), (10 bytes).
    Removing stm32f10x_tim.o(i.TIM_DeInit), (488 bytes).
    Removing stm32f10x_tim.o(i.TIM_ETRClockMode1Config), (54 bytes).
    Removing stm32f10x_tim.o(i.TIM_ETRClockMode2Config), (32 bytes).
    Removing stm32f10x_tim.o(i.TIM_ETRConfig), (28 bytes).
    Removing stm32f10x_tim.o(i.TIM_EncoderInterfaceConfig), (66 bytes).
    Removing stm32f10x_tim.o(i.TIM_ForcedOC1Config), (18 bytes).
    Removing stm32f10x_tim.o(i.TIM_ForcedOC2Config), (26 bytes).
    Removing stm32f10x_tim.o(i.TIM_ForcedOC3Config), (18 bytes).
    Removing stm32f10x_tim.o(i.TIM_ForcedOC4Config), (26 bytes).
    Removing stm32f10x_tim.o(i.TIM_GenerateEvent), (4 bytes).
    Removing stm32f10x_tim.o(i.TIM_GetCapture1), (6 bytes).
    Removing stm32f10x_tim.o(i.TIM_GetCapture2), (6 bytes).
    Removing stm32f10x_tim.o(i.TIM_GetCapture3), (6 bytes).
    Removing stm32f10x_tim.o(i.TIM_GetCapture4), (8 bytes).
    Removing stm32f10x_tim.o(i.TIM_GetCounter), (6 bytes).
    Removing stm32f10x_tim.o(i.TIM_GetFlagStatus), (18 bytes).
    Removing stm32f10x_tim.o(i.TIM_GetITStatus), (34 bytes).
    Removing stm32f10x_tim.o(i.TIM_GetPrescaler), (6 bytes).
    Removing stm32f10x_tim.o(i.TIM_ICInit), (172 bytes).
    Removing stm32f10x_tim.o(i.TIM_ICStructInit), (18 bytes).
    Removing stm32f10x_tim.o(i.TIM_ITConfig), (18 bytes).
    Removing stm32f10x_tim.o(i.TIM_ITRxExternalClockConfig), (24 bytes).
    Removing stm32f10x_tim.o(i.TIM_InternalClockConfig), (12 bytes).
    Removing stm32f10x_tim.o(i.TIM_OC1FastConfig), (18 bytes).
    Removing stm32f10x_tim.o(i.TIM_OC1Init), (152 bytes).
    Removing stm32f10x_tim.o(i.TIM_OC1NPolarityConfig), (18 bytes).
    Removing stm32f10x_tim.o(i.TIM_OC1PolarityConfig), (18 bytes).
    Removing stm32f10x_tim.o(i.TIM_OC1PreloadConfig), (18 bytes).
    Removing stm32f10x_tim.o(i.TIM_OC2FastConfig), (26 bytes).
    Removing stm32f10x_tim.o(i.TIM_OC2Init), (164 bytes).
    Removing stm32f10x_tim.o(i.TIM_OC2NPolarityConfig), (26 bytes).
    Removing stm32f10x_tim.o(i.TIM_OC2PolarityConfig), (26 bytes).
    Removing stm32f10x_tim.o(i.TIM_OC2PreloadConfig), (26 bytes).
    Removing stm32f10x_tim.o(i.TIM_OC3FastConfig), (18 bytes).
    Removing stm32f10x_tim.o(i.TIM_OC3Init), (160 bytes).
    Removing stm32f10x_tim.o(i.TIM_OC3NPolarityConfig), (26 bytes).
    Removing stm32f10x_tim.o(i.TIM_OC3PolarityConfig), (26 bytes).
    Removing stm32f10x_tim.o(i.TIM_OC3PreloadConfig), (18 bytes).
    Removing stm32f10x_tim.o(i.TIM_OC4FastConfig), (26 bytes).
    Removing stm32f10x_tim.o(i.TIM_OC4Init), (124 bytes).
    Removing stm32f10x_tim.o(i.TIM_OC4PolarityConfig), (26 bytes).
    Removing stm32f10x_tim.o(i.TIM_OC4PreloadConfig), (26 bytes).
    Removing stm32f10x_tim.o(i.TIM_OCStructInit), (20 bytes).
    Removing stm32f10x_tim.o(i.TIM_PWMIConfig), (124 bytes).
    Removing stm32f10x_tim.o(i.TIM_PrescalerConfig), (6 bytes).
    Removing stm32f10x_tim.o(i.TIM_SelectCCDMA), (24 bytes).
    Removing stm32f10x_tim.o(i.TIM_SelectCOM), (24 bytes).
    Removing stm32f10x_tim.o(i.TIM_SelectHallSensor), (24 bytes).
    Removing stm32f10x_tim.o(i.TIM_SelectInputTrigger), (18 bytes).
    Removing stm32f10x_tim.o(i.TIM_SelectMasterSlaveMode), (18 bytes).
    Removing stm32f10x_tim.o(i.TIM_SelectOCxM), (82 bytes).
    Removing stm32f10x_tim.o(i.TIM_SelectOnePulseMode), (18 bytes).
    Removing stm32f10x_tim.o(i.TIM_SelectOutputTrigger), (18 bytes).
    Removing stm32f10x_tim.o(i.TIM_SelectSlaveMode), (18 bytes).
    Removing stm32f10x_tim.o(i.TIM_SetAutoreload), (4 bytes).
    Removing stm32f10x_tim.o(i.TIM_SetClockDivision), (18 bytes).
    Removing stm32f10x_tim.o(i.TIM_SetCompare1), (4 bytes).
    Removing stm32f10x_tim.o(i.TIM_SetCompare2), (4 bytes).
    Removing stm32f10x_tim.o(i.TIM_SetCompare3), (4 bytes).
    Removing stm32f10x_tim.o(i.TIM_SetCompare4), (6 bytes).
    Removing stm32f10x_tim.o(i.TIM_SetCounter), (4 bytes).
    Removing stm32f10x_tim.o(i.TIM_SetIC1Prescaler), (18 bytes).
    Removing stm32f10x_tim.o(i.TIM_SetIC2Prescaler), (26 bytes).
    Removing stm32f10x_tim.o(i.TIM_SetIC3Prescaler), (18 bytes).
    Removing stm32f10x_tim.o(i.TIM_SetIC4Prescaler), (26 bytes).
    Removing stm32f10x_tim.o(i.TIM_TIxExternalClockConfig), (62 bytes).
    Removing stm32f10x_tim.o(i.TIM_TimeBaseInit), (164 bytes).
    Removing stm32f10x_tim.o(i.TIM_TimeBaseStructInit), (18 bytes).
    Removing stm32f10x_tim.o(i.TIM_UpdateDisableConfig), (24 bytes).
    Removing stm32f10x_tim.o(i.TIM_UpdateRequestConfig), (24 bytes).
    Removing stm32f10x_usart.o(i.USART_ClearFlag), (18 bytes).
    Removing stm32f10x_usart.o(i.USART_ClearITPendingBit), (30 bytes).
    Removing stm32f10x_usart.o(i.USART_ClockInit), (34 bytes).
    Removing stm32f10x_usart.o(i.USART_ClockStructInit), (12 bytes).
    Removing stm32f10x_usart.o(i.USART_Cmd), (24 bytes).
    Removing stm32f10x_usart.o(i.USART_DMACmd), (18 bytes).
    Removing stm32f10x_usart.o(i.USART_DeInit), (156 bytes).
    Removing stm32f10x_usart.o(i.USART_GetFlagStatus), (26 bytes).
    Removing stm32f10x_usart.o(i.USART_GetITStatus), (84 bytes).
    Removing stm32f10x_usart.o(i.USART_HalfDuplexCmd), (24 bytes).
    Removing stm32f10x_usart.o(i.USART_ITConfig), (74 bytes).
    Removing stm32f10x_usart.o(i.USART_Init), (216 bytes).
    Removing stm32f10x_usart.o(i.USART_IrDACmd), (24 bytes).
    Removing stm32f10x_usart.o(i.USART_IrDAConfig), (18 bytes).
    Removing stm32f10x_usart.o(i.USART_LINBreakDetectLengthConfig), (18 bytes).
    Removing stm32f10x_usart.o(i.USART_LINCmd), (24 bytes).
    Removing stm32f10x_usart.o(i.USART_OneBitMethodCmd), (24 bytes).
    Removing stm32f10x_usart.o(i.USART_OverSampling8Cmd), (22 bytes).
    Removing stm32f10x_usart.o(i.USART_ReceiveData), (10 bytes).
    Removing stm32f10x_usart.o(i.USART_ReceiverWakeUpCmd), (24 bytes).
    Removing stm32f10x_usart.o(i.USART_SendBreak), (10 bytes).
    Removing stm32f10x_usart.o(i.USART_SendData), (8 bytes).
    Removing stm32f10x_usart.o(i.USART_SetAddress), (18 bytes).
    Removing stm32f10x_usart.o(i.USART_SetGuardTime), (16 bytes).
    Removing stm32f10x_usart.o(i.USART_SetPrescaler), (16 bytes).
    Removing stm32f10x_usart.o(i.USART_SmartCardCmd), (24 bytes).
    Removing stm32f10x_usart.o(i.USART_SmartCardNACKCmd), (24 bytes).
    Removing stm32f10x_usart.o(i.USART_StructInit), (24 bytes).
    Removing stm32f10x_usart.o(i.USART_WakeUpConfig), (18 bytes).
    Removing stm32f10x_wwdg.o(i.WWDG_ClearFlag), (12 bytes).
    Removing stm32f10x_wwdg.o(i.WWDG_DeInit), (22 bytes).
    Removing stm32f10x_wwdg.o(i.WWDG_Enable), (16 bytes).
    Removing stm32f10x_wwdg.o(i.WWDG_EnableIT), (12 bytes).
    Removing stm32f10x_wwdg.o(i.WWDG_GetFlagStatus), (12 bytes).
    Removing stm32f10x_wwdg.o(i.WWDG_SetCounter), (16 bytes).
    Removing stm32f10x_wwdg.o(i.WWDG_SetPrescaler), (24 bytes).
    Removing stm32f10x_wwdg.o(i.WWDG_SetWindowValue), (40 bytes).
    Removing core_cm3.o(.emb_text), (32 bytes).
    Removing system_stm32f10x.o(i.SystemCoreClockUpdate), (164 bytes).
    Removing startup_stm32f10x_hd.o(HEAP), (4096 bytes).
    Removing os_core.o(i.OSSchedLock), (112 bytes).
    Removing os_core.o(i.OSSchedRoundRobinCfg), (100 bytes).
    Removing os_core.o(i.OSSchedRoundRobinYield), (184 bytes).
    Removing os_core.o(i.OSSchedUnlock), (140 bytes).
    Removing os_core.o(i.OSVersion), (12 bytes).
    Removing os_core.o(i.OS_PendAbort), (138 bytes).
    Removing os_dbg.o(.constdata), (1 bytes).
    Removing os_flag.o(i.OSFlagCreate), (128 bytes).
    Removing os_flag.o(i.OSFlagDel), (264 bytes).
    Removing os_flag.o(i.OSFlagPend), (1180 bytes).
    Removing os_flag.o(i.OSFlagPendAbort), (256 bytes).
    Removing os_flag.o(i.OSFlagPendGetFlagsRdy), (96 bytes).
    Removing os_flag.o(i.OSFlagPost), (436 bytes).
    Removing os_flag.o(i.OS_FlagBlock), (56 bytes).
    Removing os_flag.o(i.OS_FlagClr), (28 bytes).
    Removing os_flag.o(i.OS_FlagTaskRdy), (98 bytes).
    Removing os_mem.o(i.OSMemCreate), (244 bytes).
    Removing os_mem.o(i.OSMemGet), (124 bytes).
    Removing os_mem.o(i.OSMemPut), (132 bytes).
    Removing os_msg.o(i.OS_MsgQGet), (96 bytes).
    Removing os_msg.o(i.OS_MsgQPut), (208 bytes).
    Removing os_mutex.o(i.OSMutexDel), (344 bytes).
    Removing os_mutex.o(i.OSMutexPendAbort), (336 bytes).
    Removing os_mutex.o(i.OSMutexPost), (416 bytes).
    Removing os_mutex.o(i.OS_MutexClr), (28 bytes).
    Removing os_q.o(i.OSQCreate), (144 bytes).
    Removing os_q.o(i.OSQDel), (264 bytes).
    Removing os_q.o(i.OSQFlush), (136 bytes).
    Removing os_q.o(i.OSQPend), (456 bytes).
    Removing os_q.o(i.OSQPendAbort), (256 bytes).
    Removing os_q.o(i.OSQPost), (300 bytes).
    Removing os_q.o(i.OS_QClr), (40 bytes).
    Removing os_sem.o(i.OSSemCreate), (128 bytes).
    Removing os_sem.o(i.OSSemDel), (264 bytes).
    Removing os_sem.o(i.OSSemPend), (396 bytes).
    Removing os_sem.o(i.OSSemPendAbort), (256 bytes).
    Removing os_sem.o(i.OSSemPost), (280 bytes).
    Removing os_sem.o(i.OSSemSet), (124 bytes).
    Removing os_sem.o(i.OS_SemClr), (24 bytes).
    Removing os_stat.o(i.OSStatTaskCPUUsageInit), (256 bytes).
    Removing os_task.o(i.OSTaskChangePrio), (196 bytes).
    Removing os_task.o(i.OSTaskQFlush), (140 bytes).
    Removing os_task.o(i.OSTaskQPend), (380 bytes).
    Removing os_task.o(i.OSTaskQPendAbort), (212 bytes).
    Removing os_task.o(i.OSTaskQPost), (288 bytes).
    Removing os_task.o(i.OSTaskRegGet), (84 bytes).
    Removing os_task.o(i.OSTaskRegGetID), (88 bytes).
    Removing os_task.o(i.OSTaskRegSet), (84 bytes).
    Removing os_task.o(i.OSTaskResume), (364 bytes).
    Removing os_task.o(i.OSTaskSemPend), (340 bytes).
    Removing os_task.o(i.OSTaskSemPendAbort), (240 bytes).
    Removing os_task.o(i.OSTaskSemPost), (320 bytes).
    Removing os_task.o(i.OSTaskSemSet), (128 bytes).
    Removing os_task.o(i.OSTaskStkChk), (216 bytes).
    Removing os_task.o(i.OSTaskSuspend), (388 bytes).
    Removing os_task.o(i.OSTaskTimeQuantaSet), (108 bytes).
    Removing os_time.o(i.OSTimeDlyHMSM), (380 bytes).
    Removing os_time.o(i.OSTimeDlyResume), (228 bytes).
    Removing os_time.o(i.OSTimeGet), (52 bytes).
    Removing os_time.o(i.OSTimeSet), (52 bytes).
    Removing os_tmr.o(i.OSTmrCreate), (232 bytes).
    Removing os_tmr.o(i.OSTmrDel), (248 bytes).
    Removing os_tmr.o(i.OSTmrRemainGet), (248 bytes).
    Removing os_tmr.o(i.OSTmrSet), (188 bytes).
    Removing os_tmr.o(i.OSTmrStart), (292 bytes).
    Removing os_tmr.o(i.OSTmrStateGet), (136 bytes).
    Removing os_tmr.o(i.OSTmrStop), (352 bytes).
    Removing os_tmr.o(i.OS_TmrClr), (36 bytes).
    Removing os_tmr.o(i.OS_TmrUnlock), (20 bytes).
    Removing os_app_hooks.o(i.App_OS_ClrAllHooks), (92 bytes).
    Removing os_app_hooks.o(i.App_OS_IdleTaskHook), (2 bytes).
    Removing os_app_hooks.o(i.App_OS_SetAllHooks), (132 bytes).
    Removing os_app_hooks.o(i.App_OS_StatTaskHook), (2 bytes).
    Removing os_app_hooks.o(i.App_OS_TaskCreateHook), (2 bytes).
    Removing os_app_hooks.o(i.App_OS_TaskDelHook), (2 bytes).
    Removing os_app_hooks.o(i.App_OS_TaskReturnHook), (2 bytes).
    Removing os_app_hooks.o(i.App_OS_TaskSwHook), (2 bytes).
    Removing os_app_hooks.o(i.App_OS_TimeTickHook), (2 bytes).
    Removing cpu_core.o(i.CPU_CntLeadZeros08), (16 bytes).
    Removing cpu_core.o(i.CPU_CntLeadZeros16), (32 bytes).
    Removing cpu_core.o(i.CPU_CntLeadZeros64), (224 bytes).
    Removing cpu_core.o(i.CPU_CntTrailZeros), (34 bytes).
    Removing cpu_core.o(i.CPU_CntTrailZeros08), (34 bytes).
    Removing cpu_core.o(i.CPU_CntTrailZeros16), (34 bytes).
    Removing cpu_core.o(i.CPU_CntTrailZeros32), (34 bytes).
    Removing cpu_core.o(i.CPU_CntTrailZeros64), (62 bytes).
    Removing cpu_core.o(i.CPU_NameGet), (76 bytes).
    Removing cpu_core.o(i.CPU_NameSet), (100 bytes).
    Removing cpu_core.o(i.CPU_PopCnt32), (56 bytes).
    Removing cpu_c.o(i.CPU_BitBandClr), (68 bytes).
    Removing cpu_c.o(i.CPU_BitBandSet), (68 bytes).
    Removing cpu_c.o(i.CPU_IntSrcDis), (200 bytes).
    Removing cpu_c.o(i.CPU_IntSrcEn), (200 bytes).
    Removing cpu_c.o(i.CPU_IntSrcPendClr), (156 bytes).
    Removing cpu_c.o(i.CPU_IntSrcPrioGet), (312 bytes).
    Removing cpu_c.o(i.CPU_IntSrcPrioSet), (336 bytes).
    Removing cpu_c.o(i.CPU_RevBits), (40 bytes).
    Removing lib_ascii.o(i.ASCII_Cmp), (38 bytes).
    Removing lib_ascii.o(i.ASCII_IsAlpha), (48 bytes).
    Removing lib_ascii.o(i.ASCII_IsAlphaNum), (76 bytes).
    Removing lib_ascii.o(i.ASCII_IsBlank), (20 bytes).
    Removing lib_ascii.o(i.ASCII_IsCtrl), (24 bytes).
    Removing lib_ascii.o(i.ASCII_IsDig), (20 bytes).
    Removing lib_ascii.o(i.ASCII_IsDigHex), (36 bytes).
    Removing lib_ascii.o(i.ASCII_IsDigOct), (20 bytes).
    Removing lib_ascii.o(i.ASCII_IsGraph), (20 bytes).
    Removing lib_ascii.o(i.ASCII_IsLower), (20 bytes).
    Removing lib_ascii.o(i.ASCII_IsPrint), (20 bytes).
    Removing lib_ascii.o(i.ASCII_IsPunct), (44 bytes).
    Removing lib_ascii.o(i.ASCII_IsSpace), (36 bytes).
    Removing lib_ascii.o(i.ASCII_IsUpper), (20 bytes).
    Removing lib_ascii.o(i.ASCII_ToLower), (32 bytes).
    Removing lib_ascii.o(i.ASCII_ToUpper), (32 bytes).
    Removing lib_math.o(i.Math_Init), (10 bytes).
    Removing lib_math.o(i.Math_Rand), (56 bytes).
    Removing lib_math.o(i.Math_RandSeed), (24 bytes).
    Removing lib_math.o(i.Math_RandSetSeed), (44 bytes).
    Removing lib_math.o(.data), (4 bytes).
    Removing lib_mem.o(i.Mem_Cmp), (192 bytes).
    Removing lib_mem.o(i.Mem_Copy), (128 bytes).
    Removing lib_mem.o(i.Mem_DynPoolBlkFree), (122 bytes).
    Removing lib_mem.o(i.Mem_DynPoolBlkGet), (196 bytes).
    Removing lib_mem.o(i.Mem_DynPoolBlkNbrAvailGet), (70 bytes).
    Removing lib_mem.o(i.Mem_DynPoolCreate), (64 bytes).
    Removing lib_mem.o(i.Mem_DynPoolCreateHW), (64 bytes).
    Removing lib_mem.o(i.Mem_DynPoolCreateInternal), (244 bytes).
    Removing lib_mem.o(i.Mem_HeapAlloc), (60 bytes).
    Removing lib_mem.o(i.Mem_HeapGetSizeRem), (44 bytes).
    Removing lib_mem.o(i.Mem_Move), (186 bytes).
    Removing lib_mem.o(i.Mem_PoolBlkFree), (96 bytes).
    Removing lib_mem.o(i.Mem_PoolBlkGet), (92 bytes).
    Removing lib_mem.o(i.Mem_PoolBlkGetNbrAvail), (52 bytes).
    Removing lib_mem.o(i.Mem_PoolClr), (22 bytes).
    Removing lib_mem.o(i.Mem_PoolCreate), (424 bytes).
    Removing lib_mem.o(i.Mem_SegAlloc), (52 bytes).
    Removing lib_mem.o(i.Mem_SegAllocExt), (52 bytes).
    Removing lib_mem.o(i.Mem_SegAllocExtCritical), (164 bytes).
    Removing lib_mem.o(i.Mem_SegAllocHW), (52 bytes).
    Removing lib_mem.o(i.Mem_SegAllocInternal), (100 bytes).
    Removing lib_mem.o(i.Mem_SegClr), (48 bytes).
    Removing lib_mem.o(i.Mem_SegOverlapChkCritical), (88 bytes).
    Removing lib_mem.o(i.Mem_SegRemSizeGet), (144 bytes).
    Removing lib_str.o(i.Str_Cat), (24 bytes).
    Removing lib_str.o(i.Str_Cat_N), (90 bytes).
    Removing lib_str.o(i.Str_Char), (24 bytes).
    Removing lib_str.o(i.Str_Char_Last), (24 bytes).
    Removing lib_str.o(i.Str_Char_Last_N), (80 bytes).
    Removing lib_str.o(i.Str_Char_N), (78 bytes).
    Removing lib_str.o(i.Str_Char_Replace), (28 bytes).
    Removing lib_str.o(i.Str_Char_Replace_N), (54 bytes).
    Removing lib_str.o(i.Str_Cmp), (24 bytes).
    Removing lib_str.o(i.Str_CmpIgnoreCase), (24 bytes).
    Removing lib_str.o(i.Str_CmpIgnoreCase_N), (268 bytes).
    Removing lib_str.o(i.Str_Cmp_N), (170 bytes).
    Removing lib_str.o(i.Str_Copy), (24 bytes).
    Removing lib_str.o(i.Str_Copy_N), (70 bytes).
    Removing lib_str.o(i.Str_FmtNbr_Int32), (484 bytes).
    Removing lib_str.o(i.Str_FmtNbr_Int32S), (62 bytes).
    Removing lib_str.o(i.Str_FmtNbr_Int32U), (46 bytes).
    Removing lib_str.o(i.Str_Len), (20 bytes).
    Removing lib_str.o(i.Str_Len_N), (28 bytes).
    Removing lib_str.o(i.Str_ParseNbr_Int32), (468 bytes).
    Removing lib_str.o(i.Str_ParseNbr_Int32S), (74 bytes).
    Removing lib_str.o(i.Str_ParseNbr_Int32U), (30 bytes).
    Removing lib_str.o(i.Str_Str), (24 bytes).
    Removing lib_str.o(i.Str_Str_N), (178 bytes).
    Removing lib_str.o(.constdata), (148 bytes).

640 unused section(s) (total 46035 bytes) removed from the image.

==============================================================================

Image Symbol Table

    Local Symbols

    Symbol Name                              Value     Ov Type        Size  Object(Section)

    ../clib/microlib/init/entry.s            0x00000000   Number         0  entry7a.o ABSOLUTE
    ../clib/microlib/init/entry.s            0x00000000   Number         0  entry8a.o ABSOLUTE
    ../clib/microlib/init/entry.s            0x00000000   Number         0  entry8b.o ABSOLUTE
    ../clib/microlib/init/entry.s            0x00000000   Number         0  entry9a.o ABSOLUTE
    ../clib/microlib/init/entry.s            0x00000000   Number         0  entry11a.o ABSOLUTE
    ../clib/microlib/init/entry.s            0x00000000   Number         0  entry9b.o ABSOLUTE
    ../clib/microlib/init/entry.s            0x00000000   Number         0  entry10a.o ABSOLUTE
    ../clib/microlib/init/entry.s            0x00000000   Number         0  entry.o ABSOLUTE
    ../clib/microlib/init/entry.s            0x00000000   Number         0  entry5.o ABSOLUTE
    ../clib/microlib/init/entry.s            0x00000000   Number         0  entry11b.o ABSOLUTE
    ../clib/microlib/init/entry.s            0x00000000   Number         0  entry10b.o ABSOLUTE
    ../clib/microlib/init/entry.s            0x00000000   Number         0  entry7b.o ABSOLUTE
    ../clib/microlib/init/entry.s            0x00000000   Number         0  entry2.o ABSOLUTE
    ..\Libraries\CMSIS\CM3\CoreSupport\core_cm3.c 0x00000000   Number         0  core_cm3.o ABSOLUTE
    ..\Libraries\CMSIS\CM3\DeviceSupport\startup\arm\startup_stm32f10x_hd.s 0x00000000   Number         0  startup_stm32f10x_hd.o ABSOLUTE
    ..\Libraries\STM32F10x_StdPeriph_Driver\src\misc.c 0x00000000   Number         0  misc.o ABSOLUTE
    ..\Libraries\STM32F10x_StdPeriph_Driver\src\stm32f10x_adc.c 0x00000000   Number         0  stm32f10x_adc.o ABSOLUTE
    ..\Libraries\STM32F10x_StdPeriph_Driver\src\stm32f10x_bkp.c 0x00000000   Number         0  stm32f10x_bkp.o ABSOLUTE
    ..\Libraries\STM32F10x_StdPeriph_Driver\src\stm32f10x_can.c 0x00000000   Number         0  stm32f10x_can.o ABSOLUTE
    ..\Libraries\STM32F10x_StdPeriph_Driver\src\stm32f10x_cec.c 0x00000000   Number         0  stm32f10x_cec.o ABSOLUTE
    ..\Libraries\STM32F10x_StdPeriph_Driver\src\stm32f10x_crc.c 0x00000000   Number         0  stm32f10x_crc.o ABSOLUTE
    ..\Libraries\STM32F10x_StdPeriph_Driver\src\stm32f10x_dac.c 0x00000000   Number         0  stm32f10x_dac.o ABSOLUTE
    ..\Libraries\STM32F10x_StdPeriph_Driver\src\stm32f10x_dbgmcu.c 0x00000000   Number         0  stm32f10x_dbgmcu.o ABSOLUTE
    ..\Libraries\STM32F10x_StdPeriph_Driver\src\stm32f10x_dma.c 0x00000000   Number         0  stm32f10x_dma.o ABSOLUTE
    ..\Libraries\STM32F10x_StdPeriph_Driver\src\stm32f10x_exti.c 0x00000000   Number         0  stm32f10x_exti.o ABSOLUTE
    ..\Libraries\STM32F10x_StdPeriph_Driver\src\stm32f10x_flash.c 0x00000000   Number         0  stm32f10x_flash.o ABSOLUTE
    ..\Libraries\STM32F10x_StdPeriph_Driver\src\stm32f10x_fsmc.c 0x00000000   Number         0  stm32f10x_fsmc.o ABSOLUTE
    ..\Libraries\STM32F10x_StdPeriph_Driver\src\stm32f10x_gpio.c 0x00000000   Number         0  stm32f10x_gpio.o ABSOLUTE
    ..\Libraries\STM32F10x_StdPeriph_Driver\src\stm32f10x_i2c.c 0x00000000   Number         0  stm32f10x_i2c.o ABSOLUTE
    ..\Libraries\STM32F10x_StdPeriph_Driver\src\stm32f10x_iwdg.c 0x00000000   Number         0  stm32f10x_iwdg.o ABSOLUTE
    ..\Libraries\STM32F10x_StdPeriph_Driver\src\stm32f10x_pwr.c 0x00000000   Number         0  stm32f10x_pwr.o ABSOLUTE
    ..\Libraries\STM32F10x_StdPeriph_Driver\src\stm32f10x_rcc.c 0x00000000   Number         0  stm32f10x_rcc.o ABSOLUTE
    ..\Libraries\STM32F10x_StdPeriph_Driver\src\stm32f10x_rtc.c 0x00000000   Number         0  stm32f10x_rtc.o ABSOLUTE
    ..\Libraries\STM32F10x_StdPeriph_Driver\src\stm32f10x_sdio.c 0x00000000   Number         0  stm32f10x_sdio.o ABSOLUTE
    ..\Libraries\STM32F10x_StdPeriph_Driver\src\stm32f10x_spi.c 0x00000000   Number         0  stm32f10x_spi.o ABSOLUTE
    ..\Libraries\STM32F10x_StdPeriph_Driver\src\stm32f10x_tim.c 0x00000000   Number         0  stm32f10x_tim.o ABSOLUTE
    ..\Libraries\STM32F10x_StdPeriph_Driver\src\stm32f10x_usart.c 0x00000000   Number         0  stm32f10x_usart.o ABSOLUTE
    ..\Libraries\STM32F10x_StdPeriph_Driver\src\stm32f10x_wwdg.c 0x00000000   Number         0  stm32f10x_wwdg.o ABSOLUTE
    ..\Libraries\uC-CPU\ARM-Cortex-M\ARMv6-M\ARM\cpu_a.asm 0x00000000   Number         0  cpu_a.o ABSOLUTE
    ..\Libraries\uC-CPU\ARM-Cortex-M\ARMv6-M\cpu_c.c 0x00000000   Number         0  cpu_c.o ABSOLUTE
    ..\Libraries\uC-CPU\cpu_core.c           0x00000000   Number         0  cpu_core.o ABSOLUTE
    ..\Libraries\uC-LIB\lib_ascii.c          0x00000000   Number         0  lib_ascii.o ABSOLUTE
    ..\Libraries\uC-LIB\lib_math.c           0x00000000   Number         0  lib_math.o ABSOLUTE
    ..\Libraries\uC-LIB\lib_mem.c            0x00000000   Number         0  lib_mem.o ABSOLUTE
    ..\Libraries\uC-LIB\lib_str.c            0x00000000   Number         0  lib_str.o ABSOLUTE
    ..\Libraries\uC-OS3\Cfg\RandleH\os_app_hooks.c 0x00000000   Number         0  os_app_hooks.o ABSOLUTE
    ..\Libraries\uC-OS3\Ports\ARM-Cortex-M\ARMv6-M\ARM\os_cpu_a.s 0x00000000   Number         0  os_cpu_a.o ABSOLUTE
    ..\Libraries\uC-OS3\Ports\ARM-Cortex-M\ARMv6-M\os_cpu_c.c 0x00000000   Number         0  os_cpu_c.o ABSOLUTE
    ..\Libraries\uC-OS3\Source\os_cfg_app.c  0x00000000   Number         0  os_cfg_app.o ABSOLUTE
    ..\Libraries\uC-OS3\Source\os_core.c     0x00000000   Number         0  os_core.o ABSOLUTE
    ..\Libraries\uC-OS3\Source\os_dbg.c      0x00000000   Number         0  os_dbg.o ABSOLUTE
    ..\Libraries\uC-OS3\Source\os_flag.c     0x00000000   Number         0  os_flag.o ABSOLUTE
    ..\Libraries\uC-OS3\Source\os_mem.c      0x00000000   Number         0  os_mem.o ABSOLUTE
    ..\Libraries\uC-OS3\Source\os_msg.c      0x00000000   Number         0  os_msg.o ABSOLUTE
    ..\Libraries\uC-OS3\Source\os_mutex.c    0x00000000   Number         0  os_mutex.o ABSOLUTE
    ..\Libraries\uC-OS3\Source\os_prio.c     0x00000000   Number         0  os_prio.o ABSOLUTE
    ..\Libraries\uC-OS3\Source\os_q.c        0x00000000   Number         0  os_q.o ABSOLUTE
    ..\Libraries\uC-OS3\Source\os_sem.c      0x00000000   Number         0  os_sem.o ABSOLUTE
    ..\Libraries\uC-OS3\Source\os_stat.c     0x00000000   Number         0  os_stat.o ABSOLUTE
    ..\Libraries\uC-OS3\Source\os_task.c     0x00000000   Number         0  os_task.o ABSOLUTE
    ..\Libraries\uC-OS3\Source\os_tick.c     0x00000000   Number         0  os_tick.o ABSOLUTE
    ..\Libraries\uC-OS3\Source\os_time.c     0x00000000   Number         0  os_time.o ABSOLUTE
    ..\Libraries\uC-OS3\Source\os_tmr.c      0x00000000   Number         0  os_tmr.o ABSOLUTE
    ..\Libraries\uC-OS3\Source\os_var.c      0x00000000   Number         0  os_var.o ABSOLUTE
    ..\USER\main.c                           0x00000000   Number         0  main.o ABSOLUTE
    ..\USER\src\delay.c                      0x00000000   Number         0  delay.o ABSOLUTE
    ..\USER\src\stm32f10x_it.c               0x00000000   Number         0  stm32f10x_it.o ABSOLUTE
    ..\USER\src\system_stm32f10x.c           0x00000000   Number         0  system_stm32f10x.o ABSOLUTE
    ..\\Libraries\\CMSIS\\CM3\\CoreSupport\\core_cm3.c 0x00000000   Number         0  core_cm3.o ABSOLUTE
    dc.s                                     0x00000000   Number         0  dc.o ABSOLUTE
    handlers.s                               0x00000000   Number         0  handlers.o ABSOLUTE
    init.s                                   0x00000000   Number         0  init.o ABSOLUTE
    RESET                                    0x08000000   Section      304  startup_stm32f10x_hd.o(RESET)
    .ARM.Collect$$$$00000000                 0x08000130   Section        0  entry.o(.ARM.Collect$$$$00000000)
    .ARM.Collect$$$$00000001                 0x08000130   Section        4  entry2.o(.ARM.Collect$$$$00000001)
    .ARM.Collect$$$$00000004                 0x08000134   Section        4  entry5.o(.ARM.Collect$$$$00000004)
    .ARM.Collect$$$$00000008                 0x08000138   Section        0  entry7b.o(.ARM.Collect$$$$00000008)
    .ARM.Collect$$$$0000000A                 0x08000138   Section        0  entry8b.o(.ARM.Collect$$$$0000000A)
    .ARM.Collect$$$$0000000B                 0x08000138   Section        8  entry9a.o(.ARM.Collect$$$$0000000B)
    .ARM.Collect$$$$0000000D                 0x08000140   Section        0  entry10a.o(.ARM.Collect$$$$0000000D)
    .ARM.Collect$$$$0000000F                 0x08000140   Section        0  entry11a.o(.ARM.Collect$$$$0000000F)
    .ARM.Collect$$$$00002712                 0x08000140   Section        4  entry2.o(.ARM.Collect$$$$00002712)
    __lit__00000000                          0x08000140   Data           4  entry2.o(.ARM.Collect$$$$00002712)
    .text                                    0x08000144   Section       36  startup_stm32f10x_hd.o(.text)
    .text                                    0x08000168   Section      172  os_cpu_a.o(.text)
    .text                                    0x08000214   Section       30  cpu_a.o(.text)
    .text                                    0x08000234   Section       36  init.o(.text)
    i.BusFault_Handler                       0x08000258   Section        0  stm32f10x_it.o(i.BusFault_Handler)
    i.CPU_CntLeadZeros                       0x0800025c   Section        0  cpu_core.o(i.CPU_CntLeadZeros)
    i.CPU_CntLeadZeros32                     0x0800026c   Section        0  cpu_core.o(i.CPU_CntLeadZeros32)
    i.CPU_Init                               0x080002b4   Section        0  cpu_core.o(i.CPU_Init)
    i.CPU_NameClr                            0x080002bc   Section        0  cpu_core.o(i.CPU_NameClr)
    i.CPU_NameInit                           0x080002ec   Section        0  cpu_core.o(i.CPU_NameInit)
    CPU_NameInit                             0x080002ed   Thumb Code     8  cpu_core.o(i.CPU_NameInit)
    i.CPU_SW_Exception                       0x080002f4   Section        0  cpu_core.o(i.CPU_SW_Exception)
    i.DebugMon_Handler                       0x080002f8   Section        0  stm32f10x_it.o(i.DebugMon_Handler)
    i.FUN_Task_1                             0x080002fa   Section        0  main.o(i.FUN_Task_1)
    i.FUN_Task_2                             0x080002fe   Section        0  main.o(i.FUN_Task_2)
    i.HardFault_Handler                      0x08000302   Section        0  stm32f10x_it.o(i.HardFault_Handler)
    i.MemManage_Handler                      0x08000306   Section        0  stm32f10x_it.o(i.MemManage_Handler)
    i.Mem_Clr                                0x0800030a   Section        0  lib_mem.o(i.Mem_Clr)
    i.Mem_Init                               0x0800031c   Section        0  lib_mem.o(i.Mem_Init)
    i.Mem_SegCreate                          0x08000364   Section        0  lib_mem.o(i.Mem_SegCreate)
    i.Mem_SegCreateCritical                  0x080003b0   Section        0  lib_mem.o(i.Mem_SegCreateCritical)
    Mem_SegCreateCritical                    0x080003b1   Thumb Code    28  lib_mem.o(i.Mem_SegCreateCritical)
    i.Mem_Set                                0x080003d0   Section        0  lib_mem.o(i.Mem_Set)
    i.NMI_Handler                            0x08000424   Section        0  stm32f10x_it.o(i.NMI_Handler)
    i.OSCfg_Init                             0x08000426   Section        0  os_cfg_app.o(i.OSCfg_Init)
    i.OSIdleTaskHook                         0x08000428   Section        0  os_cpu_c.o(i.OSIdleTaskHook)
    i.OSInit                                 0x0800043c   Section        0  os_core.o(i.OSInit)
    i.OSInitHook                             0x0800056c   Section        0  os_cpu_c.o(i.OSInitHook)
    i.OSIntEnter                             0x08000594   Section        0  os_core.o(i.OSIntEnter)
    i.OSIntExit                              0x080005c0   Section        0  os_core.o(i.OSIntExit)
    i.OSMutexCreate                          0x08000694   Section        0  os_mutex.o(i.OSMutexCreate)
    i.OSMutexPend                            0x08000718   Section        0  os_mutex.o(i.OSMutexPend)
    i.OSSched                                0x080008e4   Section        0  os_core.o(i.OSSched)
    i.OSStart                                0x0800098c   Section        0  os_core.o(i.OSStart)
    i.OSStatReset                            0x08000a20   Section        0  os_stat.o(i.OSStatReset)
    i.OSStatTaskHook                         0x08000a54   Section        0  os_cpu_c.o(i.OSStatTaskHook)
    i.OSTaskCreate                           0x08000a68   Section        0  os_task.o(i.OSTaskCreate)
    i.OSTaskCreateHook                       0x08000c20   Section        0  os_cpu_c.o(i.OSTaskCreateHook)
    i.OSTaskDel                              0x08000c38   Section        0  os_task.o(i.OSTaskDel)
    i.OSTaskDelHook                          0x08000ddc   Section        0  os_cpu_c.o(i.OSTaskDelHook)
    i.OSTaskReturnHook                       0x08000df4   Section        0  os_cpu_c.o(i.OSTaskReturnHook)
    i.OSTaskStkInit                          0x08000e0c   Section        0  os_cpu_c.o(i.OSTaskStkInit)
    i.OSTaskSwHook                           0x08000edc   Section        0  os_cpu_c.o(i.OSTaskSwHook)
    i.OSTimeDly                              0x08000f3c   Section        0  os_time.o(i.OSTimeDly)
    i.OSTimeTick                             0x08000ff8   Section        0  os_time.o(i.OSTimeTick)
    i.OSTimeTickHook                         0x0800102c   Section        0  os_cpu_c.o(i.OSTimeTickHook)
    i.OS_CPU_SysTickHandler                  0x08001040   Section        0  os_cpu_c.o(i.OS_CPU_SysTickHandler)
    i.OS_CPU_SysTickInit                     0x08001070   Section        0  os_cpu_c.o(i.OS_CPU_SysTickInit)
    i.OS_IdleTask                            0x080010a0   Section        0  os_core.o(i.OS_IdleTask)
    i.OS_IdleTaskInit                        0x080010d4   Section        0  os_core.o(i.OS_IdleTaskInit)
    i.OS_MemInit                             0x08001124   Section        0  os_mem.o(i.OS_MemInit)
    i.OS_MsgPoolInit                         0x0800112c   Section        0  os_msg.o(i.OS_MsgPoolInit)
    i.OS_MsgQFreeAll                         0x080011a0   Section        0  os_msg.o(i.OS_MsgQFreeAll)
    i.OS_MsgQInit                            0x080011e0   Section        0  os_msg.o(i.OS_MsgQInit)
    i.OS_MutexGrpAdd                         0x080011ec   Section        0  os_mutex.o(i.OS_MutexGrpAdd)
    i.OS_MutexGrpPostAll                     0x080011f4   Section        0  os_mutex.o(i.OS_MutexGrpPostAll)
    i.OS_MutexGrpPrioFindHighest             0x08001246   Section        0  os_mutex.o(i.OS_MutexGrpPrioFindHighest)
    i.OS_MutexGrpRemove                      0x08001270   Section        0  os_mutex.o(i.OS_MutexGrpRemove)
    i.OS_Pend                                0x0800128c   Section        0  os_core.o(i.OS_Pend)
    i.OS_PendListChangePrio                  0x080012c4   Section        0  os_core.o(i.OS_PendListChangePrio)
    i.OS_PendListInit                        0x080012e4   Section        0  os_core.o(i.OS_PendListInit)
    i.OS_PendListInsertPrio                  0x080012ec   Section        0  os_core.o(i.OS_PendListInsertPrio)
    i.OS_PendListRemove                      0x0800134a   Section        0  os_core.o(i.OS_PendListRemove)
    i.OS_Post                                0x08001390   Section        0  os_core.o(i.OS_Post)
    i.OS_PrioGetHighest                      0x08001424   Section        0  os_prio.o(i.OS_PrioGetHighest)
    i.OS_PrioInit                            0x0800144c   Section        0  os_prio.o(i.OS_PrioInit)
    i.OS_PrioInsert                          0x08001464   Section        0  os_prio.o(i.OS_PrioInsert)
    i.OS_PrioRemove                          0x08001498   Section        0  os_prio.o(i.OS_PrioRemove)
    i.OS_RdyListInit                         0x080014cc   Section        0  os_core.o(i.OS_RdyListInit)
    i.OS_RdyListInsert                       0x080014e8   Section        0  os_core.o(i.OS_RdyListInsert)
    i.OS_RdyListInsertHead                   0x08001514   Section        0  os_core.o(i.OS_RdyListInsertHead)
    i.OS_RdyListInsertTail                   0x08001544   Section        0  os_core.o(i.OS_RdyListInsertTail)
    i.OS_RdyListMoveHeadToTail               0x08001574   Section        0  os_core.o(i.OS_RdyListMoveHeadToTail)
    i.OS_RdyListRemove                       0x080015b4   Section        0  os_core.o(i.OS_RdyListRemove)
    i.OS_SchedRoundRobin                     0x080015fc   Section        0  os_core.o(i.OS_SchedRoundRobin)
    i.OS_StatTask                            0x080016cc   Section        0  os_stat.o(i.OS_StatTask)
    i.OS_StatTaskInit                        0x0800186c   Section        0  os_stat.o(i.OS_StatTaskInit)
    i.OS_TaskBlock                           0x08001934   Section        0  os_core.o(i.OS_TaskBlock)
    i.OS_TaskChangePrio                      0x08001964   Section        0  os_task.o(i.OS_TaskChangePrio)
    i.OS_TaskInit                            0x08001a4c   Section        0  os_task.o(i.OS_TaskInit)
    i.OS_TaskInitTCB                         0x08001a64   Section        0  os_task.o(i.OS_TaskInitTCB)
    i.OS_TaskReturn                          0x08001afc   Section        0  os_task.o(i.OS_TaskReturn)
    i.OS_TickInit                            0x08001b14   Section        0  os_tick.o(i.OS_TickInit)
    i.OS_TickListInsert                      0x08001b2c   Section        0  os_tick.o(i.OS_TickListInsert)
    i.OS_TickListInsertDly                   0x08001bd0   Section        0  os_tick.o(i.OS_TickListInsertDly)
    i.OS_TickListRemove                      0x08001c5c   Section        0  os_tick.o(i.OS_TickListRemove)
    i.OS_TickListUpdate                      0x08001ca4   Section        0  os_tick.o(i.OS_TickListUpdate)
    OS_TickListUpdate                        0x08001ca5   Thumb Code   276  os_tick.o(i.OS_TickListUpdate)
    i.OS_TickUpdate                          0x08001dbc   Section        0  os_tick.o(i.OS_TickUpdate)
    i.OS_TmrCondCreate                       0x08001df4   Section        0  os_tmr.o(i.OS_TmrCondCreate)
    OS_TmrCondCreate                         0x08001df5   Thumb Code    50  os_tmr.o(i.OS_TmrCondCreate)
    i.OS_TmrCondSignal                       0x08001e34   Section        0  os_tmr.o(i.OS_TmrCondSignal)
    OS_TmrCondSignal                         0x08001e35   Thumb Code    76  os_tmr.o(i.OS_TmrCondSignal)
    i.OS_TmrCondWait                         0x08001e88   Section        0  os_tmr.o(i.OS_TmrCondWait)
    OS_TmrCondWait                           0x08001e89   Thumb Code   268  os_tmr.o(i.OS_TmrCondWait)
    i.OS_TmrInit                             0x08001fa4   Section        0  os_tmr.o(i.OS_TmrInit)
    i.OS_TmrLink                             0x08002070   Section        0  os_tmr.o(i.OS_TmrLink)
    i.OS_TmrLock                             0x08002114   Section        0  os_tmr.o(i.OS_TmrLock)
    OS_TmrLock                               0x08002115   Thumb Code    20  os_tmr.o(i.OS_TmrLock)
    i.OS_TmrTask                             0x0800212c   Section        0  os_tmr.o(i.OS_TmrTask)
    i.OS_TmrUnlink                           0x08002214   Section        0  os_tmr.o(i.OS_TmrUnlink)
    i.SVC_Handler                            0x080022c4   Section        0  stm32f10x_it.o(i.SVC_Handler)
    i.SetSysClock                            0x080022c6   Section        0  system_stm32f10x.o(i.SetSysClock)
    SetSysClock                              0x080022c7   Thumb Code     8  system_stm32f10x.o(i.SetSysClock)
    i.SetSysClockTo72                        0x080022d0   Section        0  system_stm32f10x.o(i.SetSysClockTo72)
    SetSysClockTo72                          0x080022d1   Thumb Code   214  system_stm32f10x.o(i.SetSysClockTo72)
    i.SysTick_CLKSourceConfig                0x080023b0   Section        0  misc.o(i.SysTick_CLKSourceConfig)
    i.SystemInit                             0x080023d8   Section        0  system_stm32f10x.o(i.SystemInit)
    i.UsageFault_Handler                     0x08002438   Section        0  stm32f10x_it.o(i.UsageFault_Handler)
    i.__scatterload_copy                     0x0800243c   Section       14  handlers.o(i.__scatterload_copy)
    i.__scatterload_null                     0x0800244a   Section        2  handlers.o(i.__scatterload_null)
    i.__scatterload_zeroinit                 0x0800244c   Section       14  handlers.o(i.__scatterload_zeroinit)
    i.delay_init                             0x0800245c   Section        0  delay.o(i.delay_init)
    i.main                                   0x08002498   Section        0  main.o(i.main)
    .constdata                               0x08002560   Section      100  os_cfg_app.o(.constdata)
    .constdata                               0x080025c4   Section      260  cpu_core.o(.constdata)
    CPU_CntLeadZerosTbl                      0x080025c4   Data         256  cpu_core.o(.constdata)
    .data                                    0x20000000   Section        2  main.o(.data)
    .data                                    0x20000002   Section        4  delay.o(.data)
    fac_us                                   0x20000002   Data           1  delay.o(.data)
    fac_ms                                   0x20000004   Data           2  delay.o(.data)
    .data                                    0x20000008   Section       20  system_stm32f10x.o(.data)
    .data                                    0x2000001c   Section      128  os_var.o(.data)
    .data                                    0x2000009c   Section        4  os_cpu_c.o(.data)
    .data                                    0x200000a0   Section        4  lib_mem.o(.data)
    .bss                                     0x200000a4   Section      592  main.o(.bss)
    .bss                                     0x200002f4   Section     2064  os_cfg_app.o(.bss)
    .bss                                     0x20000b04   Section     1056  os_var.o(.bss)
    .bss                                     0x20000f24   Section       16  cpu_core.o(.bss)
    .bss                                     0x20000f34   Section     1044  lib_mem.o(.bss)
    STACK                                    0x20001348   Section     1024  startup_stm32f10x_hd.o(STACK)

    Global Symbols

    Symbol Name                              Value     Ov Type        Size  Object(Section)

    BuildAttributes$$THM_ISAv4$P$D$K$B$S$PE$A:L22UL41UL21$X:L11$S22US41US21$IEEE1$IW$USESV6$~STKCKD$USESV7$~SHL$OSPACE$EBA8$MICROLIB$REQ8$PRES8$EABIv2 0x00000000   Number         0  anon$$obj.o ABSOLUTE
    __ARM_use_no_argv                        0x00000000   Number         0  main.o ABSOLUTE
    __cpp_initialize__aeabi_                  - Undefined Weak Reference
    __cxa_finalize                            - Undefined Weak Reference
    __decompress                              - Undefined Weak Reference
    _clock_init                               - Undefined Weak Reference
    _microlib_exit                            - Undefined Weak Reference
    __Vectors_Size                           0x00000130   Number         0  startup_stm32f10x_hd.o ABSOLUTE
    __Vectors                                0x08000000   Data           4  startup_stm32f10x_hd.o(RESET)
    __Vectors_End                            0x08000130   Data           0  startup_stm32f10x_hd.o(RESET)
    __main                                   0x08000131   Thumb Code     0  entry.o(.ARM.Collect$$$$00000000)
    _main_stk                                0x08000131   Thumb Code     0  entry2.o(.ARM.Collect$$$$00000001)
    _main_scatterload                        0x08000135   Thumb Code     0  entry5.o(.ARM.Collect$$$$00000004)
    __main_after_scatterload                 0x08000139   Thumb Code     0  entry5.o(.ARM.Collect$$$$00000004)
    _main_clock                              0x08000139   Thumb Code     0  entry7b.o(.ARM.Collect$$$$00000008)
    _main_cpp_init                           0x08000139   Thumb Code     0  entry8b.o(.ARM.Collect$$$$0000000A)
    _main_init                               0x08000139   Thumb Code     0  entry9a.o(.ARM.Collect$$$$0000000B)
    __rt_final_cpp                           0x08000141   Thumb Code     0  entry10a.o(.ARM.Collect$$$$0000000D)
    __rt_final_exit                          0x08000141   Thumb Code     0  entry11a.o(.ARM.Collect$$$$0000000F)
    Reset_Handler                            0x08000145   Thumb Code     8  startup_stm32f10x_hd.o(.text)
    ADC1_2_IRQHandler                        0x0800015f   Thumb Code     0  startup_stm32f10x_hd.o(.text)
    ADC3_IRQHandler                          0x0800015f   Thumb Code     0  startup_stm32f10x_hd.o(.text)
    CAN1_RX1_IRQHandler                      0x0800015f   Thumb Code     0  startup_stm32f10x_hd.o(.text)
    CAN1_SCE_IRQHandler                      0x0800015f   Thumb Code     0  startup_stm32f10x_hd.o(.text)
    DMA1_Channel1_IRQHandler                 0x0800015f   Thumb Code     0  startup_stm32f10x_hd.o(.text)
    DMA1_Channel2_IRQHandler                 0x0800015f   Thumb Code     0  startup_stm32f10x_hd.o(.text)
    DMA1_Channel3_IRQHandler                 0x0800015f   Thumb Code     0  startup_stm32f10x_hd.o(.text)
    DMA1_Channel4_IRQHandler                 0x0800015f   Thumb Code     0  startup_stm32f10x_hd.o(.text)
    DMA1_Channel5_IRQHandler                 0x0800015f   Thumb Code     0  startup_stm32f10x_hd.o(.text)
    DMA1_Channel6_IRQHandler                 0x0800015f   Thumb Code     0  startup_stm32f10x_hd.o(.text)
    DMA1_Channel7_IRQHandler                 0x0800015f   Thumb Code     0  startup_stm32f10x_hd.o(.text)
    DMA2_Channel1_IRQHandler                 0x0800015f   Thumb Code     0  startup_stm32f10x_hd.o(.text)
    DMA2_Channel2_IRQHandler                 0x0800015f   Thumb Code     0  startup_stm32f10x_hd.o(.text)
    DMA2_Channel3_IRQHandler                 0x0800015f   Thumb Code     0  startup_stm32f10x_hd.o(.text)
    DMA2_Channel4_5_IRQHandler               0x0800015f   Thumb Code     0  startup_stm32f10x_hd.o(.text)
    EXTI0_IRQHandler                         0x0800015f   Thumb Code     0  startup_stm32f10x_hd.o(.text)
    EXTI15_10_IRQHandler                     0x0800015f   Thumb Code     0  startup_stm32f10x_hd.o(.text)
    EXTI1_IRQHandler                         0x0800015f   Thumb Code     0  startup_stm32f10x_hd.o(.text)
    EXTI2_IRQHandler                         0x0800015f   Thumb Code     0  startup_stm32f10x_hd.o(.text)
    EXTI3_IRQHandler                         0x0800015f   Thumb Code     0  startup_stm32f10x_hd.o(.text)
    EXTI4_IRQHandler                         0x0800015f   Thumb Code     0  startup_stm32f10x_hd.o(.text)
    EXTI9_5_IRQHandler                       0x0800015f   Thumb Code     0  startup_stm32f10x_hd.o(.text)
    FLASH_IRQHandler                         0x0800015f   Thumb Code     0  startup_stm32f10x_hd.o(.text)
    FSMC_IRQHandler                          0x0800015f   Thumb Code     0  startup_stm32f10x_hd.o(.text)
    I2C1_ER_IRQHandler                       0x0800015f   Thumb Code     0  startup_stm32f10x_hd.o(.text)
    I2C1_EV_IRQHandler                       0x0800015f   Thumb Code     0  startup_stm32f10x_hd.o(.text)
    I2C2_ER_IRQHandler                       0x0800015f   Thumb Code     0  startup_stm32f10x_hd.o(.text)
    I2C2_EV_IRQHandler                       0x0800015f   Thumb Code     0  startup_stm32f10x_hd.o(.text)
    PVD_IRQHandler                           0x0800015f   Thumb Code     0  startup_stm32f10x_hd.o(.text)
    RCC_IRQHandler                           0x0800015f   Thumb Code     0  startup_stm32f10x_hd.o(.text)
    RTCAlarm_IRQHandler                      0x0800015f   Thumb Code     0  startup_stm32f10x_hd.o(.text)
    RTC_IRQHandler                           0x0800015f   Thumb Code     0  startup_stm32f10x_hd.o(.text)
    SDIO_IRQHandler                          0x0800015f   Thumb Code     0  startup_stm32f10x_hd.o(.text)
    SPI1_IRQHandler                          0x0800015f   Thumb Code     0  startup_stm32f10x_hd.o(.text)
    SPI2_IRQHandler                          0x0800015f   Thumb Code     0  startup_stm32f10x_hd.o(.text)
    SPI3_IRQHandler                          0x0800015f   Thumb Code     0  startup_stm32f10x_hd.o(.text)
    TAMPER_IRQHandler                        0x0800015f   Thumb Code     0  startup_stm32f10x_hd.o(.text)
    TIM1_BRK_IRQHandler                      0x0800015f   Thumb Code     0  startup_stm32f10x_hd.o(.text)
    TIM1_CC_IRQHandler                       0x0800015f   Thumb Code     0  startup_stm32f10x_hd.o(.text)
    TIM1_TRG_COM_IRQHandler                  0x0800015f   Thumb Code     0  startup_stm32f10x_hd.o(.text)
    TIM1_UP_IRQHandler                       0x0800015f   Thumb Code     0  startup_stm32f10x_hd.o(.text)
    TIM2_IRQHandler                          0x0800015f   Thumb Code     0  startup_stm32f10x_hd.o(.text)
    TIM3_IRQHandler                          0x0800015f   Thumb Code     0  startup_stm32f10x_hd.o(.text)
    TIM4_IRQHandler                          0x0800015f   Thumb Code     0  startup_stm32f10x_hd.o(.text)
    TIM5_IRQHandler                          0x0800015f   Thumb Code     0  startup_stm32f10x_hd.o(.text)
    TIM6_IRQHandler                          0x0800015f   Thumb Code     0  startup_stm32f10x_hd.o(.text)
    TIM7_IRQHandler                          0x0800015f   Thumb Code     0  startup_stm32f10x_hd.o(.text)
    TIM8_BRK_IRQHandler                      0x0800015f   Thumb Code     0  startup_stm32f10x_hd.o(.text)
    TIM8_CC_IRQHandler                       0x0800015f   Thumb Code     0  startup_stm32f10x_hd.o(.text)
    TIM8_TRG_COM_IRQHandler                  0x0800015f   Thumb Code     0  startup_stm32f10x_hd.o(.text)
    TIM8_UP_IRQHandler                       0x0800015f   Thumb Code     0  startup_stm32f10x_hd.o(.text)
    UART4_IRQHandler                         0x0800015f   Thumb Code     0  startup_stm32f10x_hd.o(.text)
    UART5_IRQHandler                         0x0800015f   Thumb Code     0  startup_stm32f10x_hd.o(.text)
    USART1_IRQHandler                        0x0800015f   Thumb Code     0  startup_stm32f10x_hd.o(.text)
    USART2_IRQHandler                        0x0800015f   Thumb Code     0  startup_stm32f10x_hd.o(.text)
    USART3_IRQHandler                        0x0800015f   Thumb Code     0  startup_stm32f10x_hd.o(.text)
    USBWakeUp_IRQHandler                     0x0800015f   Thumb Code     0  startup_stm32f10x_hd.o(.text)
    USB_HP_CAN1_TX_IRQHandler                0x0800015f   Thumb Code     0  startup_stm32f10x_hd.o(.text)
    USB_LP_CAN1_RX0_IRQHandler               0x0800015f   Thumb Code     0  startup_stm32f10x_hd.o(.text)
    WWDG_IRQHandler                          0x0800015f   Thumb Code     0  startup_stm32f10x_hd.o(.text)
    OSStartHighRdy                           0x08000169   Thumb Code     0  os_cpu_a.o(.text)
    OSCtxSw                                  0x08000191   Thumb Code     0  os_cpu_a.o(.text)
    OSIntCtxSw                               0x0800019b   Thumb Code     0  os_cpu_a.o(.text)
    OS_CPU_PendSVHandler                     0x080001a5   Thumb Code     0  os_cpu_a.o(.text)
    CPU_IntDis                               0x08000215   Thumb Code     0  cpu_a.o(.text)
    CPU_IntEn                                0x08000219   Thumb Code     0  cpu_a.o(.text)
    CPU_SR_Save                              0x0800021d   Thumb Code     0  cpu_a.o(.text)
    CPU_SR_Restore                           0x08000225   Thumb Code     0  cpu_a.o(.text)
    CPU_WaitForInt                           0x0800022b   Thumb Code     0  cpu_a.o(.text)
    CPU_WaitForExcept                        0x0800022f   Thumb Code     0  cpu_a.o(.text)
    __scatterload                            0x08000235   Thumb Code    28  init.o(.text)
    __scatterload_rt2                        0x08000235   Thumb Code     0  init.o(.text)
    BusFault_Handler                         0x08000259   Thumb Code     4  stm32f10x_it.o(i.BusFault_Handler)
    CPU_CntLeadZeros                         0x0800025d   Thumb Code    16  cpu_core.o(i.CPU_CntLeadZeros)
    CPU_CntLeadZeros32                       0x0800026d   Thumb Code    68  cpu_core.o(i.CPU_CntLeadZeros32)
    CPU_Init                                 0x080002b5   Thumb Code     8  cpu_core.o(i.CPU_Init)
    CPU_NameClr                              0x080002bd   Thumb Code    42  cpu_core.o(i.CPU_NameClr)
    CPU_SW_Exception                         0x080002f5   Thumb Code     4  cpu_core.o(i.CPU_SW_Exception)
    DebugMon_Handler                         0x080002f9   Thumb Code     2  stm32f10x_it.o(i.DebugMon_Handler)
    FUN_Task_1                               0x080002fb   Thumb Code     4  main.o(i.FUN_Task_1)
    FUN_Task_2                               0x080002ff   Thumb Code     4  main.o(i.FUN_Task_2)
    HardFault_Handler                        0x08000303   Thumb Code     4  stm32f10x_it.o(i.HardFault_Handler)
    MemManage_Handler                        0x08000307   Thumb Code     4  stm32f10x_it.o(i.MemManage_Handler)
    Mem_Clr                                  0x0800030b   Thumb Code    18  lib_mem.o(i.Mem_Clr)
    Mem_Init                                 0x0800031d   Thumb Code    52  lib_mem.o(i.Mem_Init)
    Mem_SegCreate                            0x08000365   Thumb Code    74  lib_mem.o(i.Mem_SegCreate)
    Mem_Set                                  0x080003d1   Thumb Code    84  lib_mem.o(i.Mem_Set)
    NMI_Handler                              0x08000425   Thumb Code     2  stm32f10x_it.o(i.NMI_Handler)
    OSCfg_Init                               0x08000427   Thumb Code     2  os_cfg_app.o(i.OSCfg_Init)
    OSIdleTaskHook                           0x08000429   Thumb Code    16  os_cpu_c.o(i.OSIdleTaskHook)
    OSInit                                   0x0800043d   Thumb Code   220  os_core.o(i.OSInit)
    OSInitHook                               0x0800056d   Thumb Code    28  os_cpu_c.o(i.OSInitHook)
    OSIntEnter                               0x08000595   Thumb Code    34  os_core.o(i.OSIntEnter)
    OSIntExit                                0x080005c1   Thumb Code   178  os_core.o(i.OSIntExit)
    OSMutexCreate                            0x08000695   Thumb Code   122  os_mutex.o(i.OSMutexCreate)
    OSMutexPend                              0x08000719   Thumb Code   440  os_mutex.o(i.OSMutexPend)
    OSSched                                  0x080008e5   Thumb Code   134  os_core.o(i.OSSched)
    OSStart                                  0x0800098d   Thumb Code   116  os_core.o(i.OSStart)
    OSStatReset                              0x08000a21   Thumb Code    46  os_stat.o(i.OSStatReset)
    OSStatTaskHook                           0x08000a55   Thumb Code    16  os_cpu_c.o(i.OSStatTaskHook)
    OSTaskCreate                             0x08000a69   Thumb Code   414  os_task.o(i.OSTaskCreate)
    OSTaskCreateHook                         0x08000c21   Thumb Code    20  os_cpu_c.o(i.OSTaskCreateHook)
    OSTaskDel                                0x08000c39   Thumb Code   400  os_task.o(i.OSTaskDel)
    OSTaskDelHook                            0x08000ddd   Thumb Code    20  os_cpu_c.o(i.OSTaskDelHook)
    OSTaskReturnHook                         0x08000df5   Thumb Code    20  os_cpu_c.o(i.OSTaskReturnHook)
    OSTaskStkInit                            0x08000e0d   Thumb Code   204  os_cpu_c.o(i.OSTaskStkInit)
    OSTaskSwHook                             0x08000edd   Thumb Code    82  os_cpu_c.o(i.OSTaskSwHook)
    OSTimeDly                                0x08000f3d   Thumb Code   170  os_time.o(i.OSTimeDly)
    OSTimeTick                               0x08000ff9   Thumb Code    40  os_time.o(i.OSTimeTick)
    OSTimeTickHook                           0x0800102d   Thumb Code    16  os_cpu_c.o(i.OSTimeTickHook)
    OS_CPU_SysTickHandler                    0x08001041   Thumb Code    46  os_cpu_c.o(i.OS_CPU_SysTickHandler)
    OS_CPU_SysTickInit                       0x08001071   Thumb Code    44  os_cpu_c.o(i.OS_CPU_SysTickInit)
    OS_IdleTask                              0x080010a1   Thumb Code    48  os_core.o(i.OS_IdleTask)
    OS_IdleTaskInit                          0x080010d5   Thumb Code    60  os_core.o(i.OS_IdleTaskInit)
    OS_MemInit                               0x08001125   Thumb Code     6  os_mem.o(i.OS_MemInit)
    OS_MsgPoolInit                           0x0800112d   Thumb Code   104  os_msg.o(i.OS_MsgPoolInit)
    OS_MsgQFreeAll                           0x080011a1   Thumb Code    58  os_msg.o(i.OS_MsgQFreeAll)
    OS_MsgQInit                              0x080011e1   Thumb Code    12  os_msg.o(i.OS_MsgQInit)
    OS_MutexGrpAdd                           0x080011ed   Thumb Code     8  os_mutex.o(i.OS_MutexGrpAdd)
    OS_MutexGrpPostAll                       0x080011f5   Thumb Code    82  os_mutex.o(i.OS_MutexGrpPostAll)
    OS_MutexGrpPrioFindHighest               0x08001247   Thumb Code    42  os_mutex.o(i.OS_MutexGrpPrioFindHighest)
    OS_MutexGrpRemove                        0x08001271   Thumb Code    28  os_mutex.o(i.OS_MutexGrpRemove)
    OS_Pend                                  0x0800128d   Thumb Code    56  os_core.o(i.OS_Pend)
    OS_PendListChangePrio                    0x080012c5   Thumb Code    32  os_core.o(i.OS_PendListChangePrio)
    OS_PendListInit                          0x080012e5   Thumb Code     8  os_core.o(i.OS_PendListInit)
    OS_PendListInsertPrio                    0x080012ed   Thumb Code    94  os_core.o(i.OS_PendListInsertPrio)
    OS_PendListRemove                        0x0800134b   Thumb Code    70  os_core.o(i.OS_PendListRemove)
    OS_Post                                  0x08001391   Thumb Code   148  os_core.o(i.OS_Post)
    OS_PrioGetHighest                        0x08001425   Thumb Code    34  os_prio.o(i.OS_PrioGetHighest)
    OS_PrioInit                              0x0800144d   Thumb Code    20  os_prio.o(i.OS_PrioInit)
    OS_PrioInsert                            0x08001465   Thumb Code    48  os_prio.o(i.OS_PrioInsert)
    OS_PrioRemove                            0x08001499   Thumb Code    48  os_prio.o(i.OS_PrioRemove)
    OS_RdyListInit                           0x080014cd   Thumb Code    24  os_core.o(i.OS_RdyListInit)
    OS_RdyListInsert                         0x080014e9   Thumb Code    40  os_core.o(i.OS_RdyListInsert)
    OS_RdyListInsertHead                     0x08001515   Thumb Code    44  os_core.o(i.OS_RdyListInsertHead)
    OS_RdyListInsertTail                     0x08001545   Thumb Code    42  os_core.o(i.OS_RdyListInsertTail)
    OS_RdyListMoveHeadToTail                 0x08001575   Thumb Code    62  os_core.o(i.OS_RdyListMoveHeadToTail)
    OS_RdyListRemove                         0x080015b5   Thumb Code    68  os_core.o(i.OS_RdyListRemove)
    OS_SchedRoundRobin                       0x080015fd   Thumb Code   190  os_core.o(i.OS_SchedRoundRobin)
    OS_StatTask                              0x080016cd   Thumb Code   348  os_stat.o(i.OS_StatTask)
    OS_StatTaskInit                          0x0800186d   Thumb Code   144  os_stat.o(i.OS_StatTaskInit)
    OS_TaskBlock                             0x08001935   Thumb Code    44  os_core.o(i.OS_TaskBlock)
    OS_TaskChangePrio                        0x08001965   Thumb Code   228  os_task.o(i.OS_TaskChangePrio)
    OS_TaskInit                              0x08001a4d   Thumb Code    14  os_task.o(i.OS_TaskInit)
    OS_TaskInitTCB                           0x08001a65   Thumb Code   150  os_task.o(i.OS_TaskInitTCB)
    OS_TaskReturn                            0x08001afd   Thumb Code    20  os_task.o(i.OS_TaskReturn)
    OS_TickInit                              0x08001b15   Thumb Code    14  os_tick.o(i.OS_TickInit)
    OS_TickListInsert                        0x08001b2d   Thumb Code   154  os_tick.o(i.OS_TickListInsert)
    OS_TickListInsertDly                     0x08001bd1   Thumb Code   134  os_tick.o(i.OS_TickListInsertDly)
    OS_TickListRemove                        0x08001c5d   Thumb Code    66  os_tick.o(i.OS_TickListRemove)
    OS_TickUpdate                            0x08001dbd   Thumb Code    52  os_tick.o(i.OS_TickUpdate)
    OS_TmrInit                               0x08001fa5   Thumb Code   156  os_tmr.o(i.OS_TmrInit)
    OS_TmrLink                               0x08002071   Thumb Code   156  os_tmr.o(i.OS_TmrLink)
    OS_TmrTask                               0x0800212d   Thumb Code   218  os_tmr.o(i.OS_TmrTask)
    OS_TmrUnlink                             0x08002215   Thumb Code   166  os_tmr.o(i.OS_TmrUnlink)
    SVC_Handler                              0x080022c5   Thumb Code     2  stm32f10x_it.o(i.SVC_Handler)
    SysTick_CLKSourceConfig                  0x080023b1   Thumb Code    40  misc.o(i.SysTick_CLKSourceConfig)
    SystemInit                               0x080023d9   Thumb Code    78  system_stm32f10x.o(i.SystemInit)
    UsageFault_Handler                       0x08002439   Thumb Code     4  stm32f10x_it.o(i.UsageFault_Handler)
    __scatterload_copy                       0x0800243d   Thumb Code    14  handlers.o(i.__scatterload_copy)
    __scatterload_null                       0x0800244b   Thumb Code     2  handlers.o(i.__scatterload_null)
    __scatterload_zeroinit                   0x0800244d   Thumb Code    14  handlers.o(i.__scatterload_zeroinit)
    delay_init                               0x0800245d   Thumb Code    52  delay.o(i.delay_init)
    main                                     0x08002499   Thumb Code   146  main.o(i.main)
    OSCfg_IdleTaskStkBasePtr                 0x08002560   Data           4  os_cfg_app.o(.constdata)
    OSCfg_IdleTaskStkLimit                   0x08002564   Data           4  os_cfg_app.o(.constdata)
    OSCfg_IdleTaskStkSize                    0x08002568   Data           4  os_cfg_app.o(.constdata)
    OSCfg_IdleTaskStkSizeRAM                 0x0800256c   Data           4  os_cfg_app.o(.constdata)
    OSCfg_ISRStkBasePtr                      0x08002570   Data           4  os_cfg_app.o(.constdata)
    OSCfg_ISRStkSize                         0x08002574   Data           4  os_cfg_app.o(.constdata)
    OSCfg_ISRStkSizeRAM                      0x08002578   Data           4  os_cfg_app.o(.constdata)
    OSCfg_MsgPoolSize                        0x0800257c   Data           2  os_cfg_app.o(.constdata)
    OSCfg_MsgPoolSizeRAM                     0x08002580   Data           4  os_cfg_app.o(.constdata)
    OSCfg_MsgPoolBasePtr                     0x08002584   Data           4  os_cfg_app.o(.constdata)
    OSCfg_StatTaskPrio                       0x08002588   Data           1  os_cfg_app.o(.constdata)
    OSCfg_StatTaskRate_Hz                    0x0800258c   Data           4  os_cfg_app.o(.constdata)
    OSCfg_StatTaskStkBasePtr                 0x08002590   Data           4  os_cfg_app.o(.constdata)
    OSCfg_StatTaskStkLimit                   0x08002594   Data           4  os_cfg_app.o(.constdata)
    OSCfg_StatTaskStkSize                    0x08002598   Data           4  os_cfg_app.o(.constdata)
    OSCfg_StatTaskStkSizeRAM                 0x0800259c   Data           4  os_cfg_app.o(.constdata)
    OSCfg_StkSizeMin                         0x080025a0   Data           4  os_cfg_app.o(.constdata)
    OSCfg_TickRate_Hz                        0x080025a4   Data           4  os_cfg_app.o(.constdata)
    OSCfg_TmrTaskPrio                        0x080025a8   Data           1  os_cfg_app.o(.constdata)
    OSCfg_TmrTaskRate_Hz                     0x080025ac   Data           4  os_cfg_app.o(.constdata)
    OSCfg_TmrTaskStkBasePtr                  0x080025b0   Data           4  os_cfg_app.o(.constdata)
    OSCfg_TmrTaskStkLimit                    0x080025b4   Data           4  os_cfg_app.o(.constdata)
    OSCfg_TmrTaskStkSize                     0x080025b8   Data           4  os_cfg_app.o(.constdata)
    OSCfg_TmrTaskStkSizeRAM                  0x080025bc   Data           4  os_cfg_app.o(.constdata)
    OSCfg_DataSizeRAM                        0x080025c0   Data           4  os_cfg_app.o(.constdata)
    CPU_EndiannessTest                       0x080026c4   Data           4  cpu_core.o(.constdata)
    Region$$Table$$Base                      0x080026c8   Number         0  anon$$obj.o(Region$$Table)
    Region$$Table$$Limit                     0x080026e8   Number         0  anon$$obj.o(Region$$Table)
    OS_err_code                              0x20000000   Data           2  main.o(.data)
    SystemCoreClock                          0x20000008   Data           4  system_stm32f10x.o(.data)
    AHBPrescTable                            0x2000000c   Data          16  system_stm32f10x.o(.data)
    OS_AppTaskCreateHookPtr                  0x2000001c   Data           4  os_var.o(.data)
    OS_AppTaskDelHookPtr                     0x20000020   Data           4  os_var.o(.data)
    OS_AppTaskReturnHookPtr                  0x20000024   Data           4  os_var.o(.data)
    OS_AppIdleTaskHookPtr                    0x20000028   Data           4  os_var.o(.data)
    OS_AppStatTaskHookPtr                    0x2000002c   Data           4  os_var.o(.data)
    OS_AppTaskSwHookPtr                      0x20000030   Data           4  os_var.o(.data)
    OS_AppTimeTickHookPtr                    0x20000034   Data           4  os_var.o(.data)
    OSIntNestingCtr                          0x20000038   Data           1  os_var.o(.data)
    OSRunning                                0x20000039   Data           1  os_var.o(.data)
    OSInitialized                            0x2000003a   Data           1  os_var.o(.data)
    OSISRStkFree                             0x2000003c   Data           4  os_var.o(.data)
    OSISRStkUsed                             0x20000040   Data           4  os_var.o(.data)
    OSMsgPool                                0x20000044   Data           8  os_var.o(.data)
    OSPrioCur                                0x2000004c   Data           1  os_var.o(.data)
    OSPrioHighRdy                            0x2000004d   Data           1  os_var.o(.data)
    OSPrioTbl                                0x20000050   Data           8  os_var.o(.data)
    OSSchedLockNestingCtr                    0x20000058   Data           1  os_var.o(.data)
    OSSchedRoundRobinDfltTimeQuanta          0x2000005c   Data           4  os_var.o(.data)
    OSSchedRoundRobinEn                      0x20000060   Data           1  os_var.o(.data)
    OSStatResetFlag                          0x20000061   Data           1  os_var.o(.data)
    OSStatTaskCPUUsage                       0x20000062   Data           2  os_var.o(.data)
    OSStatTaskCPUUsageMax                    0x20000064   Data           2  os_var.o(.data)
    OSStatTaskCtr                            0x20000068   Data           4  os_var.o(.data)
    OSStatTaskCtrMax                         0x2000006c   Data           4  os_var.o(.data)
    OSStatTaskCtrRun                         0x20000070   Data           4  os_var.o(.data)
    OSStatTaskRdy                            0x20000074   Data           1  os_var.o(.data)
    OSTaskCtxSwCtr                           0x20000078   Data           4  os_var.o(.data)
    OSTaskQty                                0x2000007c   Data           2  os_var.o(.data)
    OSTaskRegNextAvailID                     0x2000007e   Data           1  os_var.o(.data)
    OSTickCtr                                0x20000080   Data           4  os_var.o(.data)
    OSTickList                               0x20000084   Data           4  os_var.o(.data)
    OSTmrListPtr                             0x20000088   Data           4  os_var.o(.data)
    OSTmrTaskTickBase                        0x2000008c   Data           4  os_var.o(.data)
    OSTmrToTicksMult                         0x20000090   Data           4  os_var.o(.data)
    OSTCBCurPtr                              0x20000094   Data           4  os_var.o(.data)
    OSTCBHighRdyPtr                          0x20000098   Data           4  os_var.o(.data)
    OS_CPU_ExceptStkBase                     0x2000009c   Data           4  os_cpu_c.o(.data)
    Mem_SegHeadPtr                           0x200000a0   Data           4  lib_mem.o(.data)
    TCB_Task_1                               0x200000a4   Data         168  main.o(.bss)
    STK_Task_1                               0x2000014c   Data         128  main.o(.bss)
    TCB_Task_2                               0x200001cc   Data         168  main.o(.bss)
    STK_Task_2                               0x20000274   Data         128  main.o(.bss)
    OSCfg_IdleTaskStk                        0x200002f4   Data         256  os_cfg_app.o(.bss)
    OSCfg_ISRStk                             0x200003f4   Data         512  os_cfg_app.o(.bss)
    OSCfg_MsgPool                            0x200005f4   Data         384  os_cfg_app.o(.bss)
    OSCfg_StatTaskStk                        0x20000774   Data         400  os_cfg_app.o(.bss)
    OSCfg_TmrTaskStk                         0x20000904   Data         512  os_cfg_app.o(.bss)
    OSIdleTaskTCB                            0x20000b04   Data         168  os_var.o(.bss)
    OSRdyList                                0x20000bac   Data         512  os_var.o(.bss)
    OSStatTaskTCB                            0x20000dac   Data         168  os_var.o(.bss)
    OSTmrCond                                0x20000e54   Data          16  os_var.o(.bss)
    OSTmrMutex                               0x20000e64   Data          24  os_var.o(.bss)
    OSTmrTaskTCB                             0x20000e7c   Data         168  os_var.o(.bss)
    CPU_Name                                 0x20000f24   Data          16  cpu_core.o(.bss)
    Mem_Heap                                 0x20000f34   Data        1024  lib_mem.o(.bss)
    Mem_SegHeap                              0x20001334   Data          20  lib_mem.o(.bss)
    __initial_sp                             0x20001748   Data           0  startup_stm32f10x_hd.o(STACK)



==============================================================================

Memory Map of the image

  Image Entry point : 0x08000131

  Load Region LR_IROM1 (Base: 0x08000000, Size: 0x0000278c, Max: 0x00010000, ABSOLUTE)

    Execution Region ER_IROM1 (Exec base: 0x08000000, Load base: 0x08000000, Size: 0x000026e8, Max: 0x00010000, ABSOLUTE)

    Exec Addr    Load Addr    Size         Type   Attr      Idx    E Section Name        Object

    0x08000000   0x08000000   0x00000130   Data   RO         3235    RESET               startup_stm32f10x_hd.o
    0x08000130   0x08000130   0x00000000   Code   RO         4948  * .ARM.Collect$$$$00000000  mc_w.l(entry.o)
    0x08000130   0x08000130   0x00000004   Code   RO         4951    .ARM.Collect$$$$00000001  mc_w.l(entry2.o)
    0x08000134   0x08000134   0x00000004   Code   RO         4954    .ARM.Collect$$$$00000004  mc_w.l(entry5.o)
    0x08000138   0x08000138   0x00000000   Code   RO         4956    .ARM.Collect$$$$00000008  mc_w.l(entry7b.o)
    0x08000138   0x08000138   0x00000000   Code   RO         4958    .ARM.Collect$$$$0000000A  mc_w.l(entry8b.o)
    0x08000138   0x08000138   0x00000008   Code   RO         4959    .ARM.Collect$$$$0000000B  mc_w.l(entry9a.o)
    0x08000140   0x08000140   0x00000000   Code   RO         4961    .ARM.Collect$$$$0000000D  mc_w.l(entry10a.o)
    0x08000140   0x08000140   0x00000000   Code   RO         4963    .ARM.Collect$$$$0000000F  mc_w.l(entry11a.o)
    0x08000140   0x08000140   0x00000004   Code   RO         4952    .ARM.Collect$$$$00002712  mc_w.l(entry2.o)
    0x08000144   0x08000144   0x00000024   Code   RO         3236    .text               startup_stm32f10x_hd.o
    0x08000168   0x08000168   0x000000ac   Code   RO         4232    .text               os_cpu_a.o
    0x08000214   0x08000214   0x0000001e   Code   RO         4466    .text               cpu_a.o
    0x08000232   0x08000232   0x00000002   PAD
    0x08000234   0x08000234   0x00000024   Code   RO         4965    .text               mc_w.l(init.o)
    0x08000258   0x08000258   0x00000004   Code   RO          108    i.BusFault_Handler  stm32f10x_it.o
    0x0800025c   0x0800025c   0x00000010   Code   RO         4298    i.CPU_CntLeadZeros  cpu_core.o
    0x0800026c   0x0800026c   0x00000048   Code   RO         4301    i.CPU_CntLeadZeros32  cpu_core.o
    0x080002b4   0x080002b4   0x00000008   Code   RO         4308    i.CPU_Init          cpu_core.o
    0x080002bc   0x080002bc   0x00000030   Code   RO         4309    i.CPU_NameClr       cpu_core.o
    0x080002ec   0x080002ec   0x00000008   Code   RO         4311    i.CPU_NameInit      cpu_core.o
    0x080002f4   0x080002f4   0x00000004   Code   RO         4314    i.CPU_SW_Exception  cpu_core.o
    0x080002f8   0x080002f8   0x00000002   Code   RO          109    i.DebugMon_Handler  stm32f10x_it.o
    0x080002fa   0x080002fa   0x00000004   Code   RO            1    i.FUN_Task_1        main.o
    0x080002fe   0x080002fe   0x00000004   Code   RO            2    i.FUN_Task_2        main.o
    0x08000302   0x08000302   0x00000004   Code   RO          110    i.HardFault_Handler  stm32f10x_it.o
    0x08000306   0x08000306   0x00000004   Code   RO          111    i.MemManage_Handler  stm32f10x_it.o
    0x0800030a   0x0800030a   0x00000012   Code   RO         4610    i.Mem_Clr           lib_mem.o
    0x0800031c   0x0800031c   0x00000048   Code   RO         4621    i.Mem_Init          lib_mem.o
    0x08000364   0x08000364   0x0000004a   Code   RO         4634    i.Mem_SegCreate     lib_mem.o
    0x080003ae   0x080003ae   0x00000002   PAD
    0x080003b0   0x080003b0   0x00000020   Code   RO         4635    i.Mem_SegCreateCritical  lib_mem.o
    0x080003d0   0x080003d0   0x00000054   Code   RO         4638    i.Mem_Set           lib_mem.o
    0x08000424   0x08000424   0x00000002   Code   RO          112    i.NMI_Handler       stm32f10x_it.o
    0x08000426   0x08000426   0x00000002   Code   RO         3240    i.OSCfg_Init        os_cfg_app.o
    0x08000428   0x08000428   0x00000014   Code   RO         4144    i.OSIdleTaskHook    os_cpu_c.o
    0x0800043c   0x0800043c   0x00000130   Code   RO         3277    i.OSInit            os_core.o
    0x0800056c   0x0800056c   0x00000028   Code   RO         4145    i.OSInitHook        os_cpu_c.o
    0x08000594   0x08000594   0x0000002c   Code   RO         3278    i.OSIntEnter        os_core.o
    0x080005c0   0x080005c0   0x000000d4   Code   RO         3279    i.OSIntExit         os_core.o
    0x08000694   0x08000694   0x00000084   Code   RO         3584    i.OSMutexCreate     os_mutex.o
    0x08000718   0x08000718   0x000001cc   Code   RO         3586    i.OSMutexPend       os_mutex.o
    0x080008e4   0x080008e4   0x000000a8   Code   RO         3280    i.OSSched           os_core.o
    0x0800098c   0x0800098c   0x00000094   Code   RO         3285    i.OSStart           os_core.o
    0x08000a20   0x08000a20   0x00000034   Code   RO         3776    i.OSStatReset       os_stat.o
    0x08000a54   0x08000a54   0x00000014   Code   RO         4146    i.OSStatTaskHook    os_cpu_c.o
    0x08000a68   0x08000a68   0x000001b8   Code   RO         3807    i.OSTaskCreate      os_task.o
    0x08000c20   0x08000c20   0x00000018   Code   RO         4147    i.OSTaskCreateHook  os_cpu_c.o
    0x08000c38   0x08000c38   0x000001a4   Code   RO         3808    i.OSTaskDel         os_task.o
    0x08000ddc   0x08000ddc   0x00000018   Code   RO         4148    i.OSTaskDelHook     os_cpu_c.o
    0x08000df4   0x08000df4   0x00000018   Code   RO         4149    i.OSTaskReturnHook  os_cpu_c.o
    0x08000e0c   0x08000e0c   0x000000d0   Code   RO         4150    i.OSTaskStkInit     os_cpu_c.o
    0x08000edc   0x08000edc   0x00000060   Code   RO         4151    i.OSTaskSwHook      os_cpu_c.o
    0x08000f3c   0x08000f3c   0x000000bc   Code   RO         3985    i.OSTimeDly         os_time.o
    0x08000ff8   0x08000ff8   0x00000034   Code   RO         3990    i.OSTimeTick        os_time.o
    0x0800102c   0x0800102c   0x00000014   Code   RO         4152    i.OSTimeTickHook    os_cpu_c.o
    0x08001040   0x08001040   0x0000002e   Code   RO         4153    i.OS_CPU_SysTickHandler  os_cpu_c.o
    0x0800106e   0x0800106e   0x00000002   PAD
    0x08001070   0x08001070   0x00000030   Code   RO         4154    i.OS_CPU_SysTickInit  os_cpu_c.o
    0x080010a0   0x080010a0   0x00000034   Code   RO         3287    i.OS_IdleTask       os_core.o
    0x080010d4   0x080010d4   0x00000050   Code   RO         3288    i.OS_IdleTaskInit   os_core.o
    0x08001124   0x08001124   0x00000006   Code   RO         3521    i.OS_MemInit        os_mem.o
    0x0800112a   0x0800112a   0x00000002   PAD
    0x0800112c   0x0800112c   0x00000074   Code   RO         3548    i.OS_MsgPoolInit    os_msg.o
    0x080011a0   0x080011a0   0x00000040   Code   RO         3549    i.OS_MsgQFreeAll    os_msg.o
    0x080011e0   0x080011e0   0x0000000c   Code   RO         3551    i.OS_MsgQInit       os_msg.o
    0x080011ec   0x080011ec   0x00000008   Code   RO         3590    i.OS_MutexGrpAdd    os_mutex.o
    0x080011f4   0x080011f4   0x00000052   Code   RO         3591    i.OS_MutexGrpPostAll  os_mutex.o
    0x08001246   0x08001246   0x0000002a   Code   RO         3592    i.OS_MutexGrpPrioFindHighest  os_mutex.o
    0x08001270   0x08001270   0x0000001c   Code   RO         3593    i.OS_MutexGrpRemove  os_mutex.o
    0x0800128c   0x0800128c   0x00000038   Code   RO         3289    i.OS_Pend           os_core.o
    0x080012c4   0x080012c4   0x00000020   Code   RO         3291    i.OS_PendListChangePrio  os_core.o
    0x080012e4   0x080012e4   0x00000008   Code   RO         3292    i.OS_PendListInit   os_core.o
    0x080012ec   0x080012ec   0x0000005e   Code   RO         3293    i.OS_PendListInsertPrio  os_core.o
    0x0800134a   0x0800134a   0x00000046   Code   RO         3294    i.OS_PendListRemove  os_core.o
    0x08001390   0x08001390   0x00000094   Code   RO         3295    i.OS_Post           os_core.o
    0x08001424   0x08001424   0x00000028   Code   RO         3650    i.OS_PrioGetHighest  os_prio.o
    0x0800144c   0x0800144c   0x00000018   Code   RO         3651    i.OS_PrioInit       os_prio.o
    0x08001464   0x08001464   0x00000034   Code   RO         3652    i.OS_PrioInsert     os_prio.o
    0x08001498   0x08001498   0x00000034   Code   RO         3653    i.OS_PrioRemove     os_prio.o
    0x080014cc   0x080014cc   0x0000001c   Code   RO         3296    i.OS_RdyListInit    os_core.o
    0x080014e8   0x080014e8   0x0000002c   Code   RO         3297    i.OS_RdyListInsert  os_core.o
    0x08001514   0x08001514   0x00000030   Code   RO         3298    i.OS_RdyListInsertHead  os_core.o
    0x08001544   0x08001544   0x00000030   Code   RO         3299    i.OS_RdyListInsertTail  os_core.o
    0x08001574   0x08001574   0x0000003e   Code   RO         3300    i.OS_RdyListMoveHeadToTail  os_core.o
    0x080015b2   0x080015b2   0x00000002   PAD
    0x080015b4   0x080015b4   0x00000048   Code   RO         3301    i.OS_RdyListRemove  os_core.o
    0x080015fc   0x080015fc   0x000000d0   Code   RO         3302    i.OS_SchedRoundRobin  os_core.o
    0x080016cc   0x080016cc   0x000001a0   Code   RO         3778    i.OS_StatTask       os_stat.o
    0x0800186c   0x0800186c   0x000000c8   Code   RO         3779    i.OS_StatTaskInit   os_stat.o
    0x08001934   0x08001934   0x00000030   Code   RO         3303    i.OS_TaskBlock      os_core.o
    0x08001964   0x08001964   0x000000e8   Code   RO         3824    i.OS_TaskChangePrio  os_task.o
    0x08001a4c   0x08001a4c   0x00000018   Code   RO         3825    i.OS_TaskInit       os_task.o
    0x08001a64   0x08001a64   0x00000096   Code   RO         3826    i.OS_TaskInitTCB    os_task.o
    0x08001afa   0x08001afa   0x00000002   PAD
    0x08001afc   0x08001afc   0x00000018   Code   RO         3827    i.OS_TaskReturn     os_task.o
    0x08001b14   0x08001b14   0x00000018   Code   RO         3944    i.OS_TickInit       os_tick.o
    0x08001b2c   0x08001b2c   0x000000a4   Code   RO         3945    i.OS_TickListInsert  os_tick.o
    0x08001bd0   0x08001bd0   0x0000008c   Code   RO         3946    i.OS_TickListInsertDly  os_tick.o
    0x08001c5c   0x08001c5c   0x00000048   Code   RO         3947    i.OS_TickListRemove  os_tick.o
    0x08001ca4   0x08001ca4   0x00000118   Code   RO         3948    i.OS_TickListUpdate  os_tick.o
    0x08001dbc   0x08001dbc   0x00000038   Code   RO         3949    i.OS_TickUpdate     os_tick.o
    0x08001df4   0x08001df4   0x00000040   Code   RO         4035    i.OS_TmrCondCreate  os_tmr.o
    0x08001e34   0x08001e34   0x00000054   Code   RO         4036    i.OS_TmrCondSignal  os_tmr.o
    0x08001e88   0x08001e88   0x0000011c   Code   RO         4037    i.OS_TmrCondWait    os_tmr.o
    0x08001fa4   0x08001fa4   0x000000cc   Code   RO         4038    i.OS_TmrInit        os_tmr.o
    0x08002070   0x08002070   0x000000a4   Code   RO         4039    i.OS_TmrLink        os_tmr.o
    0x08002114   0x08002114   0x00000018   Code   RO         4040    i.OS_TmrLock        os_tmr.o
    0x0800212c   0x0800212c   0x000000e8   Code   RO         4041    i.OS_TmrTask        os_tmr.o
    0x08002214   0x08002214   0x000000b0   Code   RO         4042    i.OS_TmrUnlink      os_tmr.o
    0x080022c4   0x080022c4   0x00000002   Code   RO          114    i.SVC_Handler       stm32f10x_it.o
    0x080022c6   0x080022c6   0x00000008   Code   RO         3199    i.SetSysClock       system_stm32f10x.o
    0x080022ce   0x080022ce   0x00000002   PAD
    0x080022d0   0x080022d0   0x000000e0   Code   RO         3200    i.SetSysClockTo72   system_stm32f10x.o
    0x080023b0   0x080023b0   0x00000028   Code   RO          201    i.SysTick_CLKSourceConfig  misc.o
    0x080023d8   0x080023d8   0x00000060   Code   RO         3202    i.SystemInit        system_stm32f10x.o
    0x08002438   0x08002438   0x00000004   Code   RO          116    i.UsageFault_Handler  stm32f10x_it.o
    0x0800243c   0x0800243c   0x0000000e   Code   RO         4969    i.__scatterload_copy  mc_w.l(handlers.o)
    0x0800244a   0x0800244a   0x00000002   Code   RO         4970    i.__scatterload_null  mc_w.l(handlers.o)
    0x0800244c   0x0800244c   0x0000000e   Code   RO         4971    i.__scatterload_zeroinit  mc_w.l(handlers.o)
    0x0800245a   0x0800245a   0x00000002   PAD
    0x0800245c   0x0800245c   0x0000003c   Code   RO          171    i.delay_init        delay.o
    0x08002498   0x08002498   0x000000c8   Code   RO            3    i.main              main.o
    0x08002560   0x08002560   0x00000064   Data   RO         3242    .constdata          os_cfg_app.o
    0x080025c4   0x080025c4   0x00000104   Data   RO         4316    .constdata          cpu_core.o
    0x080026c8   0x080026c8   0x00000020   Data   RO         4967    Region$$Table       anon$$obj.o


    Execution Region RW_IRAM1 (Exec base: 0x20000000, Load base: 0x080026e8, Size: 0x00001748, Max: 0x00005000, ABSOLUTE)

    Exec Addr    Load Addr    Size         Type   Attr      Idx    E Section Name        Object

    0x20000000   0x080026e8   0x00000002   Data   RW            5    .data               main.o
    0x20000002   0x080026ea   0x00000004   Data   RW          174    .data               delay.o
    0x20000006   0x080026ee   0x00000002   PAD
    0x20000008   0x080026f0   0x00000014   Data   RW         3203    .data               system_stm32f10x.o
    0x2000001c   0x08002704   0x00000080   Data   RW         4131    .data               os_var.o
    0x2000009c   0x08002784   0x00000004   Data   RW         4155    .data               os_cpu_c.o
    0x200000a0   0x08002788   0x00000004   Data   RW         4640    .data               lib_mem.o
    0x200000a4        -       0x00000250   Zero   RW            4    .bss                main.o
    0x200002f4        -       0x00000810   Zero   RW         3241    .bss                os_cfg_app.o
    0x20000b04        -       0x00000420   Zero   RW         4130    .bss                os_var.o
    0x20000f24        -       0x00000010   Zero   RW         4315    .bss                cpu_core.o
    0x20000f34        -       0x00000414   Zero   RW         4639    .bss                lib_mem.o
    0x20001348        -       0x00000400   Zero   RW         3233    STACK               startup_stm32f10x_hd.o


==============================================================================

Image component sizes


      Code (inc. data)   RO Data    RW Data    ZI Data      Debug   Object Name

         0          0          0          0          0         32   core_cm3.o
        30          0          0          0          0        328   cpu_a.o
       156         10        260          0         16       5102   cpu_core.o
        60          8          0          4          0        677   delay.o
       280         24          0          4       1044      18053   lib_mem.o
       208         54          0          2        592     241916   main.o
        40          0          0          0          0        546   misc.o
         2          0        100          0       2064      23316   os_cfg_app.o
      1974        270          0          0          0      27886   os_core.o
       172         28          0          0          0        392   os_cpu_a.o
       570         58          0          4          0      22827   os_cpu_c.o
         6          0          0          0          0        825   os_mem.o
       192         18          0          0          0       2220   os_msg.o
       752         30          0          0          0       4669   os_mutex.o
       168         18          0          0          0       1974   os_prio.o
       668        130          0          0          0       2478   os_stat.o
      1290         96          0          0          0       5450   os_task.o
       736         40          0          0          0       4889   os_tick.o
       240         30          0          0          0       1557   os_time.o
      1232        122          0          0          0       5694   os_tmr.o
         0          0          0        128       1056      14888   os_var.o
        36          8        304          0       1024        872   startup_stm32f10x_hd.o
        22          0          0          0          0       2943   stm32f10x_it.o
       328         28          0         20          0       2137   system_stm32f10x.o

    ----------------------------------------------------------------------
      9176        972        696        164       5796     391671   Object Totals
         0          0         32          0          0          0   (incl. Generated)
        14          0          0          2          0          0   (incl. Padding)

    ----------------------------------------------------------------------

      Code (inc. data)   RO Data    RW Data    ZI Data      Debug   Library Member Name

         0          0          0          0          0          0   entry.o
         0          0          0          0          0          0   entry10a.o
         0          0          0          0          0          0   entry11a.o
         8          4          0          0          0          0   entry2.o
         4          0          0          0          0          0   entry5.o
         0          0          0          0          0          0   entry7b.o
         0          0          0          0          0          0   entry8b.o
         8          4          0          0          0          0   entry9a.o
        30          0          0          0          0          0   handlers.o
        36          8          0          0          0         68   init.o

    ----------------------------------------------------------------------
        88         16          0          0          0         68   Library Totals
         2          0          0          0          0          0   (incl. Padding)

    ----------------------------------------------------------------------

      Code (inc. data)   RO Data    RW Data    ZI Data      Debug   Library Name

        86         16          0          0          0         68   mc_w.l

    ----------------------------------------------------------------------
        88         16          0          0          0         68   Library Totals

    ----------------------------------------------------------------------

==============================================================================


      Code (inc. data)   RO Data    RW Data    ZI Data      Debug   

      9264        988        696        164       5796     387055   Grand Totals
      9264        988        696        164       5796     387055   ELF Image Totals
      9264        988        696        164          0          0   ROM Totals

==============================================================================

    Total RO  Size (Code + RO Data)                 9960 (   9.73kB)
    Total RW  Size (RW Data + ZI Data)              5960 (   5.82kB)
    Total ROM Size (Code + RO Data + RW Data)      10124 (   9.89kB)

==============================================================================

